Archive member included to satisfy reference by file (symbol)

c:/program files (x86)/atmel/studio/7.0/toolchain/avr8/avr8-gnu-toolchain/bin/../lib/gcc/avr/5.4.0/../../../../avr/lib/avr5\libm.a(fixsfsi.o)
                              Modules/Sensors/SPS/SPS.o (__fixsfsi)
c:/program files (x86)/atmel/studio/7.0/toolchain/avr8/avr8-gnu-toolchain/bin/../lib/gcc/avr/5.4.0/../../../../avr/lib/avr5\libm.a(fixunssfsi.o)
                              c:/program files (x86)/atmel/studio/7.0/toolchain/avr8/avr8-gnu-toolchain/bin/../lib/gcc/avr/5.4.0/../../../../avr/lib/avr5\libm.a(fixsfsi.o) (__fixunssfsi)
c:/program files (x86)/atmel/studio/7.0/toolchain/avr8/avr8-gnu-toolchain/bin/../lib/gcc/avr/5.4.0/../../../../avr/lib/avr5\libm.a(floatsisf.o)
                              Modules/Sensors/SPS/SPS.o (__floatsisf)
c:/program files (x86)/atmel/studio/7.0/toolchain/avr8/avr8-gnu-toolchain/bin/../lib/gcc/avr/5.4.0/../../../../avr/lib/avr5\libm.a(fp_split3.o)
                              c:/program files (x86)/atmel/studio/7.0/toolchain/avr8/avr8-gnu-toolchain/bin/../lib/gcc/avr/5.4.0/../../../../avr/lib/avr5\libm.a(fixunssfsi.o) (__fp_splitA)
c:/program files (x86)/atmel/studio/7.0/toolchain/avr8/avr8-gnu-toolchain/bin/../lib/gcc/avr/5.4.0/../../../../avr/lib/avr5\libm.a(fp_zero.o)
                              c:/program files (x86)/atmel/studio/7.0/toolchain/avr8/avr8-gnu-toolchain/bin/../lib/gcc/avr/5.4.0/../../../../avr/lib/avr5\libm.a(fixunssfsi.o) (__fp_zero)
c:/program files (x86)/atmel/studio/7.0/toolchain/avr8/avr8-gnu-toolchain/bin/../lib/gcc/avr/5.4.0/../../../../avr/lib/avr5\libm.a(mulsf3.o)
                              Modules/Sensors/SPS/SPS.o (__mulsf3)
c:/program files (x86)/atmel/studio/7.0/toolchain/avr8/avr8-gnu-toolchain/bin/../lib/gcc/avr/5.4.0/../../../../avr/lib/avr5\libm.a(mulsf3x.o)
                              c:/program files (x86)/atmel/studio/7.0/toolchain/avr8/avr8-gnu-toolchain/bin/../lib/gcc/avr/5.4.0/../../../../avr/lib/avr5\libm.a(mulsf3.o) (__mulsf3x)
c:/program files (x86)/atmel/studio/7.0/toolchain/avr8/avr8-gnu-toolchain/bin/../lib/gcc/avr/5.4.0/../../../../avr/lib/avr5\libm.a(fp_inf.o)
                              c:/program files (x86)/atmel/studio/7.0/toolchain/avr8/avr8-gnu-toolchain/bin/../lib/gcc/avr/5.4.0/../../../../avr/lib/avr5\libm.a(mulsf3x.o) (__fp_inf)
c:/program files (x86)/atmel/studio/7.0/toolchain/avr8/avr8-gnu-toolchain/bin/../lib/gcc/avr/5.4.0/../../../../avr/lib/avr5\libm.a(fp_nan.o)
                              c:/program files (x86)/atmel/studio/7.0/toolchain/avr8/avr8-gnu-toolchain/bin/../lib/gcc/avr/5.4.0/../../../../avr/lib/avr5\libm.a(mulsf3x.o) (__fp_nan)
c:/program files (x86)/atmel/studio/7.0/toolchain/avr8/avr8-gnu-toolchain/bin/../lib/gcc/avr/5.4.0/../../../../avr/lib/avr5\libm.a(fp_pscA.o)
                              c:/program files (x86)/atmel/studio/7.0/toolchain/avr8/avr8-gnu-toolchain/bin/../lib/gcc/avr/5.4.0/../../../../avr/lib/avr5\libm.a(mulsf3x.o) (__fp_pscA)
c:/program files (x86)/atmel/studio/7.0/toolchain/avr8/avr8-gnu-toolchain/bin/../lib/gcc/avr/5.4.0/../../../../avr/lib/avr5\libm.a(fp_pscB.o)
                              c:/program files (x86)/atmel/studio/7.0/toolchain/avr8/avr8-gnu-toolchain/bin/../lib/gcc/avr/5.4.0/../../../../avr/lib/avr5\libm.a(mulsf3x.o) (__fp_pscB)
c:/program files (x86)/atmel/studio/7.0/toolchain/avr8/avr8-gnu-toolchain/bin/../lib/gcc/avr/5.4.0/../../../../avr/lib/avr5\libm.a(fp_round.o)
                              c:/program files (x86)/atmel/studio/7.0/toolchain/avr8/avr8-gnu-toolchain/bin/../lib/gcc/avr/5.4.0/../../../../avr/lib/avr5\libm.a(mulsf3.o) (__fp_round)
Z:\Facultate\Anul 2\Semestrul 1\Proiect Individual\ArduinoSketch2\ArduinoSketch2\ArduinoCore\Release\libArduinoCore.a(HardwareSerial.o)
                              main.o (_ZN14HardwareSerial5beginEmh)
Z:\Facultate\Anul 2\Semestrul 1\Proiect Individual\ArduinoSketch2\ArduinoSketch2\ArduinoCore\Release\libArduinoCore.a(HardwareSerial0.o)
                              Modules/Sensors/SPS/SPS.o (Serial)
Z:\Facultate\Anul 2\Semestrul 1\Proiect Individual\ArduinoSketch2\ArduinoSketch2\ArduinoCore\Release\libArduinoCore.a(main.o)
                              C:/Program Files (x86)/Atmel/Studio/7.0/Packs/atmel/ATmega_DFP/1.6.364/gcc/dev/atmega328p/avr5/crtatmega328p.o (main)
Z:\Facultate\Anul 2\Semestrul 1\Proiect Individual\ArduinoSketch2\ArduinoSketch2\ArduinoCore\Release\libArduinoCore.a(new.o)
                              main.o (_Znwj)
Z:\Facultate\Anul 2\Semestrul 1\Proiect Individual\ArduinoSketch2\ArduinoSketch2\ArduinoCore\Release\libArduinoCore.a(Print.o)
                              Z:\Facultate\Anul 2\Semestrul 1\Proiect Individual\ArduinoSketch2\ArduinoSketch2\ArduinoCore\Release\libArduinoCore.a(HardwareSerial.o) (_ZN5Print5writeEPKhj)
Z:\Facultate\Anul 2\Semestrul 1\Proiect Individual\ArduinoSketch2\ArduinoSketch2\ArduinoCore\Release\libArduinoCore.a(Tone.o)
[...]
Memory Configuration

Name             Origin             Length             Attributes
text             0x00000000         0x00008000         xr
data             0x00800100         0x00000800         rw !x
eeprom           0x00810000         0x00000400         rw !x
fuse             0x00820000         0x00000003         rw !x
lock             0x00830000         0x00000400         rw !x
signature        0x00840000         0x00000400         rw !x
user_signatures  0x00850000         0x00000400         rw !x
*default*        0x00000000         0xffffffff

Linker script and memory map

Address of section .data set to 0x800100
LOAD C:/Program Files (x86)/Atmel/Studio/7.0/Packs/atmel/ATmega_DFP/1.6.364/gcc/dev/atmega328p/avr5/crtatmega328p.o
LOAD Modules/Actuators/Buzzer/Buzz.o
LOAD Modules/Actuators/MotorControl/Motor_Control.o
LOAD Modules/Sensors/SPS/SPS.o
LOAD main.o
LOAD Modules/Sensors/SPS/SPS_Master.o
START GROUP
LOAD c:/program files (x86)/atmel/studio/7.0/toolchain/avr8/avr8-gnu-toolchain/bin/../lib/gcc/avr/5.4.0/../../../../avr/lib/avr5\libm.a
LOAD Z:\Facultate\Anul 2\Semestrul 1\Proiect Individual\ArduinoSketch2\ArduinoSketch2\ArduinoCore\Release\libArduinoCore.a
END GROUP
LOAD c:/program files (x86)/atmel/studio/7.0/toolchain/avr8/avr8-gnu-toolchain/bin/../lib/gcc/avr/5.4.0/avr5\libgcc.a
LOAD c:/program files (x86)/atmel/studio/7.0/toolchain/avr8/avr8-gnu-toolchain/bin/../lib/gcc/avr/5.4.0/../../../../avr/lib/avr5\libm.a
START GROUP
LOAD c:/program files (x86)/atmel/studio/7.0/toolchain/avr8/avr8-gnu-toolchain/bin/../lib/gcc/avr/5.4.0/avr5\libgcc.a
LOAD c:/program files (x86)/atmel/studio/7.0/toolchain/avr8/avr8-gnu-toolchain/bin/../lib/gcc/avr/5.4.0/../../../../avr/lib/avr5\libm.a
LOAD c:/program files (x86)/atmel/studio/7.0/toolchain/avr8/avr8-gnu-toolchain/bin/../lib/gcc/avr/5.4.0/../../../../avr/lib/avr5\libc.a
LOAD C:/Program Files (x86)/Atmel/Studio/7.0/Packs/atmel/ATmega_DFP/1.6.364/gcc/dev/atmega328p/avr5\libatmega328p.a
END GROUP
                0x00000000                __TEXT_REGION_ORIGIN__ = DEFINED (__TEXT_REGION_ORIGIN__)?__TEXT_REGION_ORIGIN__:0x0
                [0x00800100]                __DATA_REGION_ORIGIN__ = DEFINED (__DATA_REGION_ORIGIN__)?__DATA_REGION_ORIGIN__:0x800060
                [0x00008000]                __TEXT_REGION_LENGTH__ = DEFINED (__TEXT_REGION_LENGTH__)?__TEXT_REGION_LENGTH__:0x20000
                [0x00000800]                __DATA_REGION_LENGTH__ = DEFINED (__DATA_REGION_LENGTH__)?__DATA_REGION_LENGTH__:0xffa0
                [0x00000400]                __EEPROM_REGION_LENGTH__ = DEFINED (__EEPROM_REGION_LENGTH__)?__EEPROM_REGION_LENGTH__:0x10000
                [0x00000003]                __FUSE_REGION_LENGTH__ = DEFINED (__FUSE_REGION_LENGTH__)?__FUSE_REGION_LENGTH__:0x400
                0x00000400                __LOCK_REGION_LENGTH__ = DEFINED (__LOCK_REGION_LENGTH__)?__LOCK_REGION_LENGTH__:0x400
                0x00000400                __SIGNATURE_REGION_LENGTH__ = DEFINED (__SIGNATURE_REGION_LENGTH__)?__SIGNATURE_REGION_LENGTH__:0x400
                0x00000400                __USER_SIGNATURE_REGION_LENGTH__ = DEFINED (__USER_SIGNATURE_REGION_LENGTH__)?__USER_SIGNATURE_REGION_LENGTH__:0x400

.hash
 *(.hash)

.dynsym
 *(.dynsym)

.dynstr
 *(.dynstr)

.gnu.version
 *(.gnu.version)

.gnu.version_d
 *(.gnu.version_d)

.gnu.version_r
 *(.gnu.version_r)

.rel.init
 *(.rel.init)

.rela.init
 *(.rela.init)

.rel.text
 *(.rel.text)
 *(.rel.text.*)
 *(.rel.gnu.linkonce.t*)

.rela.text
 *(.rela.text)
 *(.rela.text.*)
 *(.rela.gnu.linkonce.t*)

.rel.fini
 *(.rel.fini)

.rela.fini
 *(.rela.fini)

.rel.rodata
 *(.rel.rodata)
 *(.rel.rodata.*)
 *(.rel.gnu.linkonce.r*)

.rela.rodata
 *(.rela.rodata)
 *(.rela.rodata.*)
 *(.rela.gnu.linkonce.r*)

.rel.data
 *(.rel.data)
 *(.rel.data.*)
 *(.rel.gnu.linkonce.d*)

.rela.data
 *(.rela.data)
 *(.rela.data.*)
 *(.rela.gnu.linkonce.d*)

.rel.ctors
 *(.rel.ctors)

.rela.ctors
 *(.rela.ctors)

.rel.dtors
 *(.rel.dtors)

.rela.dtors
 *(.rela.dtors)

.rel.got
 *(.rel.got)

.rela.got
 *(.rela.got)

.rel.bss
 *(.rel.bss)

.rela.bss
 *(.rela.bss)

.rel.plt
 *(.rel.plt)

.rela.plt
 *(.rela.plt)

.text           0x00000000     0x1782
 *(.vectors)
 .vectors       0x00000000       0x68 C:/Program Files (x86)/Atmel/Studio/7.0/Packs/atmel/ATmega_DFP/1.6.364/gcc/dev/atmega328p/avr5/crtatmega328p.o
                0x00000000                __vector_default
                0x00000000                __vectors
 *(.vectors)
 *(.progmem.gcc*)
                0x00000068                . = ALIGN (0x2)
                0x00000068                __trampolines_start = .
 *(.trampolines)
 .trampolines   0x00000068        0x0 linker stubs
 *(.trampolines*)
                0x00000068                __trampolines_end = .
 *libprintf_flt.a:*(.progmem.data)
 *libc.a:*(.progmem.data)
 *(.progmem*)
 .progmem.data._ZL21tone_pin_to_timer_PGM
                0x00000068        0x1 Z:\Facultate\Anul 2\Semestrul 1\Proiect Individual\ArduinoSketch2\ArduinoSketch2\ArduinoCore\Release\libArduinoCore.a(Tone.o)
 .progmem.data.digital_pin_to_timer_PGM
                0x00000069       0x14 Z:\Facultate\Anul 2\Semestrul 1\Proiect Individual\ArduinoSketch2\ArduinoSketch2\ArduinoCore\Release\libArduinoCore.a(wiring_digital.o)
                0x00000069                digital_pin_to_timer_PGM
 .progmem.data.digital_pin_to_bit_mask_PGM
                0x0000007d       0x14 Z:\Facultate\Anul 2\Semestrul 1\Proiect Individual\ArduinoSketch2\ArduinoSketch2\ArduinoCore\Release\libArduinoCore.a(wiring_digital.o)
                0x0000007d                digital_pin_to_bit_mask_PGM
 .progmem.data.digital_pin_to_port_PGM
                0x00000091       0x14 Z:\Facultate\Anul 2\Semestrul 1\Proiect Individual\ArduinoSketch2\ArduinoSketch2\ArduinoCore\Release\libArduinoCore.a(wiring_digital.o)
                0x00000091                digital_pin_to_port_PGM
 .progmem.data.port_to_input_PGM
                0x000000a5        0xa Z:\Facultate\Anul 2\Semestrul 1\Proiect Individual\ArduinoSketch2\ArduinoSketch2\ArduinoCore\Release\libArduinoCore.a(wiring_digital.o)
                0x000000a5                port_to_input_PGM
 .progmem.data.port_to_output_PGM
                0x000000af        0xa Z:\Facultate\Anul 2\Semestrul 1\Proiect Individual\ArduinoSketch2\ArduinoSketch2\ArduinoCore\Release\libArduinoCore.a(wiring_digital.o)
                0x000000af                port_to_output_PGM
 .progmem.data.port_to_mode_PGM
                0x000000b9        0xa Z:\Facultate\Anul 2\Semestrul 1\Proiect Individual\ArduinoSketch2\ArduinoSketch2\ArduinoCore\Release\libArduinoCore.a(wiring_digital.o)
                0x000000b9                port_to_mode_PGM
                0x000000c4                . = ALIGN (0x2)
 *fill*         0x000000c3        0x1 
 *(.jumptables)
 *(.jumptables*)
 *(.lowtext)
 *(.lowtext*)
                0x000000c4                __ctors_start = .
 *(.ctors)
 .ctors         0x000000c4        0x2 main.o
 .ctors         0x000000c6        0x2 Z:\Facultate\Anul 2\Semestrul 1\Proiect Individual\ArduinoSketch2\ArduinoSketch2\ArduinoCore\Release\libArduinoCore.a(HardwareSerial0.o)
                0x000000c8                __ctors_end = .
                0x000000c8                __dtors_start = .
 *(.dtors)
                0x000000c8                __dtors_end = .
 SORT(*)(.ctors)
 SORT(*)(.dtors)
 *(.init0)
 .init0         0x000000c8        0x0 C:/Program Files (x86)/Atmel/Studio/7.0/Packs/atmel/ATmega_DFP/1.6.364/gcc/dev/atmega328p/avr5/crtatmega328p.o
                0x000000c8                __init
 *(.init0)
 *(.init1)
 *(.init1)
 *(.init2)
 .init2         0x000000c8        0xc C:/Program Files (x86)/Atmel/Studio/7.0/Packs/atmel/ATmega_DFP/1.6.364/gcc/dev/atmega328p/avr5/crtatmega328p.o
 *(.init2)
 *(.init3)
 *(.init3)
 *(.init4)
 .init4         0x000000d4       0x16 c:/program files (x86)/atmel/studio/7.0/toolchain/avr8/avr8-gnu-toolchain/bin/../lib/gcc/avr/5.4.0/avr5\libgcc.a(_copy_data.o)
                0x000000d4                __do_copy_data
 .init4         0x000000ea       0x10 c:/program files (x86)/atmel/studio/7.0/toolchain/avr8/avr8-gnu-toolchain/bin/../lib/gcc/avr/5.4.0/avr5\libgcc.a(_clear_bss.o)
                0x000000ea                __do_clear_bss
 *(.init4)
 *(.init5)
 *(.init5)
 *(.init6)
 .init6         0x000000fa       0x16 c:/program files (x86)/atmel/studio/7.0/toolchain/avr8/avr8-gnu-toolchain/bin/../lib/gcc/avr/5.4.0/avr5\libgcc.a(_ctors.o)
                0x000000fa                __do_global_ctors
 *(.init6)
 *(.init7)
 *(.init7)
 *(.init8)
 *(.init8)
 *(.init9)
 .init9         0x00000110        0x8 C:/Program Files (x86)/Atmel/Studio/7.0/Packs/atmel/ATmega_DFP/1.6.364/gcc/dev/atmega328p/avr5/crtatmega328p.o
 *(.init9)
 *(.text)
 .text          0x00000118        0x4 C:/Program Files (x86)/Atmel/Studio/7.0/Packs/atmel/ATmega_DFP/1.6.364/gcc/dev/atmega328p/avr5/crtatmega328p.o
                0x00000118                __vector_22
                0x00000118                __vector_1
                0x00000118                __vector_24
                0x00000118                __vector_12
                0x00000118                __bad_interrupt
                0x00000118                __vector_6
                0x00000118                __vector_3
                0x00000118                __vector_23
                0x00000118                __vector_25
                0x00000118                __vector_11
                0x00000118                __vector_13
                0x00000118                __vector_17
                0x00000118                __vector_5
                0x00000118                __vector_4
                0x00000118                __vector_9
                0x00000118                __vector_2
                0x00000118                __vector_21
                0x00000118                __vector_15
                0x00000118                __vector_8
                0x00000118                __vector_14
                0x00000118                __vector_10
                0x00000118                __vector_20
 .text          0x0000011c       0x8a Z:\Facultate\Anul 2\Semestrul 1\Proiect Individual\ArduinoSketch2\ArduinoSketch2\ArduinoCore\Release\libArduinoCore.a(wiring_pulse.o)
                0x0000011c                countPulseASM
                0x000001a6                . = ALIGN (0x2)
 *(.text.*)
 .text._ZN6Buzzer9getSigPinEv
                0x000001a6        0x8 Modules/Actuators/Buzzer/Buzz.o
                0x000001a6                _ZN6Buzzer9getSigPinEv
 .text._ZN6Buzzer9setSigPinEt
                0x000001ae        0x8 Modules/Actuators/Buzzer/Buzz.o
                0x000001ae                _ZN6Buzzer9setSigPinEt
 .text._ZN6Buzzer4BuzzEj
                0x000001b6       0x28 Modules/Actuators/Buzzer/Buzz.o
                0x000001b6                _ZN6Buzzer4BuzzEj
 .text._ZN3SPSC2Ettt
                0x000001de       0x14 Modules/Sensors/SPS/SPS.o
                0x000001de                _ZN3SPSC1Ettt
                0x000001de                _ZN3SPSC2Ettt
 .text._ZN3SPS19getWaveComebackTimeEv
                0x000001f2       0x42 Modules/Sensors/SPS/SPS.o
                0x000001f2                _ZN3SPS19getWaveComebackTimeEv
 .text._ZN3SPS19getDistanceToObjectEv
                0x00000234       0x28 Modules/Sensors/SPS/SPS.o
                0x00000234                _ZN3SPS19getDistanceToObjectEv
 .text._ZN3SPS4TaskEv
                0x0000025c       0xaa Modules/Sensors/SPS/SPS.o
                0x0000025c                _ZN3SPS4TaskEv
 .text._ZN3SPS10getTrigPinEv
                0x00000306        0x8 Modules/Sensors/SPS/SPS.o
                0x00000306                _ZN3SPS10getTrigPinEv
 .text._ZN3SPS10getEchoPinEv
                0x0000030e        0x8 Modules/Sensors/SPS/SPS.o
                0x0000030e                _ZN3SPS10getEchoPinEv
 .text._Z8SPS_INITP3SPS
                0x00000316       0x2e main.o
                0x00000316                _Z8SPS_INITP3SPS
 .text.setup    0x00000344       0x6a main.o
                0x00000344                setup
 .text.loop     0x000003ae       0x18 main.o
                0x000003ae                loop
 .text.startup._GLOBAL__sub_I_S1
                0x000003c6       0x4e main.o
 .text.avr-libc.fplib
                0x00000414        0xe c:/program files (x86)/atmel/studio/7.0/toolchain/avr8/avr8-gnu-toolchain/bin/../lib/gcc/avr/5.4.0/../../../../avr/lib/avr5\libm.a(fixsfsi.o)
                0x00000414                __fixsfsi
 .text.avr-libc.fplib
                0x00000422       0x5e c:/program files (x86)/atmel/studio/7.0/toolchain/avr8/avr8-gnu-toolchain/bin/../lib/gcc/avr/5.4.0/../../../../avr/lib/avr5\libm.a(fixunssfsi.o)
                0x00000422                __fixunssfsi
 .text.avr-libc.fplib
                0x00000480       0x7a c:/program files (x86)/atmel/studio/7.0/toolchain/avr8/avr8-gnu-toolchain/bin/../lib/gcc/avr/5.4.0/../../../../avr/lib/avr5\libm.a(floatsisf.o)
                0x00000480                __floatunsisf
                0x00000484                __floatsisf
 .text.avr-libc.fplib
                0x000004fa       0x44 c:/program files (x86)/atmel/studio/7.0/toolchain/avr8/avr8-gnu-toolchain/bin/../lib/gcc/avr/5.4.0/../../../../avr/lib/avr5\libm.a(fp_split3.o)
                0x000004fa                __fp_split3
                0x0000050a                __fp_splitA
 .text.avr-libc.fplib
                0x0000053e        0xe c:/program files (x86)/atmel/studio/7.0/toolchain/avr8/avr8-gnu-toolchain/bin/../lib/gcc/avr/5.4.0/../../../../avr/lib/avr5\libm.a(fp_zero.o)
                0x0000053e                __fp_zero
                0x00000540                __fp_szero
 .text.avr-libc.fplib
                0x0000054c        0x8 c:/program files (x86)/atmel/studio/7.0/toolchain/avr8/avr8-gnu-toolchain/bin/../lib/gcc/avr/5.4.0/../../../../avr/lib/avr5\libm.a(mulsf3.o)
                0x0000054c                __mulsf3
 .text.avr-libc.fplib
                0x00000554       0xd2 c:/program files (x86)/atmel/studio/7.0/toolchain/avr8/avr8-gnu-toolchain/bin/../lib/gcc/avr/5.4.0/../../../../avr/lib/avr5\libm.a(mulsf3x.o)
                0x00000572                __mulsf3x
                0x00000578                __mulsf3_pse
 .text.avr-libc.fplib
                0x00000626        0xc c:/program files (x86)/atmel/studio/7.0/toolchain/avr8/avr8-gnu-toolchain/bin/../lib/gcc/avr/5.4.0/../../../../avr/lib/avr5\libm.a(fp_inf.o)
                0x00000626                __fp_inf
 .text.avr-libc.fplib
                0x00000632        0x6 c:/program files (x86)/atmel/studio/7.0/toolchain/avr8/avr8-gnu-toolchain/bin/../lib/gcc/avr/5.4.0/../../../../avr/lib/avr5\libm.a(fp_nan.o)
                0x00000632                __fp_nan
 .text.avr-libc.fplib
                0x00000638        0xe c:/program files (x86)/atmel/studio/7.0/toolchain/avr8/avr8-gnu-toolchain/bin/../lib/gcc/avr/5.4.0/../../../../avr/lib/avr5\libm.a(fp_pscA.o)
                0x00000638                __fp_pscA
 .text.avr-libc.fplib
                0x00000646        0xe c:/program files (x86)/atmel/studio/7.0/toolchain/avr8/avr8-gnu-toolchain/bin/../lib/gcc/avr/5.4.0/../../../../avr/lib/avr5\libm.a(fp_pscB.o)
                0x00000646                __fp_pscB
 .text.avr-libc.fplib
                0x00000654       0x22 c:/program files (x86)/atmel/studio/7.0/toolchain/avr8/avr8-gnu-toolchain/bin/../lib/gcc/avr/5.4.0/../../../../avr/lib/avr5\libm.a(fp_round.o)
                0x00000654                __fp_round
 .text._ZN14HardwareSerial9availableEv
                0x00000676       0x18 Z:\Facultate\Anul 2\Semestrul 1\Proiect Individual\ArduinoSketch2\ArduinoSketch2\ArduinoCore\Release\libArduinoCore.a(HardwareSerial.o)
                0x00000676                _ZN14HardwareSerial9availableEv
 .text._ZN14HardwareSerial4peekEv
                0x0000068e       0x1c Z:\Facultate\Anul 2\Semestrul 1\Proiect Individual\ArduinoSketch2\ArduinoSketch2\ArduinoCore\Release\libArduinoCore.a(HardwareSerial.o)
                0x0000068e                _ZN14HardwareSerial4peekEv
 .text._ZN14HardwareSerial4readEv
                0x000006aa       0x28 Z:\Facultate\Anul 2\Semestrul 1\Proiect Individual\ArduinoSketch2\ArduinoSketch2\ArduinoCore\Release\libArduinoCore.a(HardwareSerial.o)
                0x000006aa                _ZN14HardwareSerial4readEv
 .text._ZN14HardwareSerial17availableForWriteEv
                0x000006d2       0x1e Z:\Facultate\Anul 2\Semestrul 1\Proiect Individual\ArduinoSketch2\ArduinoSketch2\ArduinoCore\Release\libArduinoCore.a(HardwareSerial.o)
                0x000006d2                _ZN14HardwareSerial17availableForWriteEv
 .text._Z14serialEventRunv
                0x000006f0       0x1c Z:\Facultate\Anul 2\Semestrul 1\Proiect Individual\ArduinoSketch2\ArduinoSketch2\ArduinoCore\Release\libArduinoCore.a(HardwareSerial.o)
                0x000006f0                _Z14serialEventRunv
 .text._ZN14HardwareSerial17_tx_udr_empty_irqEv
                0x0000070c       0x44 Z:\Facultate\Anul 2\Semestrul 1\Proiect Individual\ArduinoSketch2\ArduinoSketch2\ArduinoCore\Release\libArduinoCore.a(HardwareSerial.o)
                0x0000070c                _ZN14HardwareSerial17_tx_udr_empty_irqEv
 .text._ZN14HardwareSerial5writeEh
                0x00000750       0x9a Z:\Facultate\Anul 2\Semestrul 1\Proiect Individual\ArduinoSketch2\ArduinoSketch2\ArduinoCore\Release\libArduinoCore.a(HardwareSerial.o)
                0x00000750                _ZN14HardwareSerial5writeEh
 .text._ZN14HardwareSerial5flushEv
                0x000007ea       0x44 Z:\Facultate\Anul 2\Semestrul 1\Proiect Individual\ArduinoSketch2\ArduinoSketch2\ArduinoCore\Release\libArduinoCore.a(HardwareSerial.o)
                0x000007ea                _ZN14HardwareSerial5flushEv
 .text._ZN14HardwareSerial5beginEmh
                0x0000082e       0xca Z:\Facultate\Anul 2\Semestrul 1\Proiect Individual\ArduinoSketch2\ArduinoSketch2\ArduinoCore\Release\libArduinoCore.a(HardwareSerial.o)
                0x0000082e                _ZN14HardwareSerial5beginEmh
 .text.__vector_18
                0x000008f8       0x64 Z:\Facultate\Anul 2\Semestrul 1\Proiect Individual\ArduinoSketch2\ArduinoSketch2\ArduinoCore\Release\libArduinoCore.a(HardwareSerial0.o)
                0x000008f8                __vector_18
 .text.__vector_19
                0x0000095c       0x4c Z:\Facultate\Anul 2\Semestrul 1\Proiect Individual\ArduinoSketch2\ArduinoSketch2\ArduinoCore\Release\libArduinoCore.a(HardwareSerial0.o)
                0x0000095c                __vector_19
 .text._Z17Serial0_availablev
                0x000009a8       0x14 Z:\Facultate\Anul 2\Semestrul 1\Proiect Individual\ArduinoSketch2\ArduinoSketch2\ArduinoCore\Release\libArduinoCore.a(HardwareSerial0.o)
                0x000009a8                _Z17Serial0_availablev
 .text.startup._GLOBAL__sub_I___vector_18
                0x000009bc       0x5a Z:\Facultate\Anul 2\Semestrul 1\Proiect Individual\ArduinoSketch2\ArduinoSketch2\ArduinoCore\Release\libArduinoCore.a(HardwareSerial0.o)
 .text.initVariant
                0x00000a16        0x2 Z:\Facultate\Anul 2\Semestrul 1\Proiect Individual\ArduinoSketch2\ArduinoSketch2\ArduinoCore\Release\libArduinoCore.a(main.o)
                0x00000a16                initVariant
 .text.startup.main
                0x00000a18       0x1e Z:\Facultate\Anul 2\Semestrul 1\Proiect Individual\ArduinoSketch2\ArduinoSketch2\ArduinoCore\Release\libArduinoCore.a(main.o)
                0x00000a18                main
 .text._Znwj    0x00000a36        0x4 Z:\Facultate\Anul 2\Semestrul 1\Proiect Individual\ArduinoSketch2\ArduinoSketch2\ArduinoCore\Release\libArduinoCore.a(new.o)
                0x00000a36                _Znwj
 .text._ZN5Print5writeEPKhj
                0x00000a3a       0x54 Z:\Facultate\Anul 2\Semestrul 1\Proiect Individual\ArduinoSketch2\ArduinoSketch2\ArduinoCore\Release\libArduinoCore.a(Print.o)
                0x00000a3a                _ZN5Print5writeEPKhj
 .text._ZN5Print5writeEPKc
                0x00000a8e       0x2a Z:\Facultate\Anul 2\Semestrul 1\Proiect Individual\ArduinoSketch2\ArduinoSketch2\ArduinoCore\Release\libArduinoCore.a(Print.o)
                0x00000a8e                _ZN5Print5writeEPKc
 .text._ZN5Print7printlnEv
                0x00000ab8        0x8 Z:\Facultate\Anul 2\Semestrul 1\Proiect Individual\ArduinoSketch2\ArduinoSketch2\ArduinoCore\Release\libArduinoCore.a(Print.o)
                0x00000ab8                _ZN5Print7printlnEv
 .text._ZN5Print7printlnEPKc
                0x00000ac0       0x24 Z:\Facultate\Anul 2\Semestrul 1\Proiect Individual\ArduinoSketch2\ArduinoSketch2\ArduinoCore\Release\libArduinoCore.a(Print.o)
                0x00000ac0                _ZN5Print7printlnEPKc
 .text._Z4tonehjm
                0x00000ae4      0x504 Z:\Facultate\Anul 2\Semestrul 1\Proiect Individual\ArduinoSketch2\ArduinoSketch2\ArduinoCore\Release\libArduinoCore.a(Tone.o)
                0x00000ae4                _Z4tonehjm
 .text._Z12disableTimerh
                0x00000fe8       0x40 Z:\Facultate\Anul 2\Semestrul 1\Proiect Individual\ArduinoSketch2\ArduinoSketch2\ArduinoCore\Release\libArduinoCore.a(Tone.o)
                0x00000fe8                _Z12disableTimerh
 .text._Z6noToneh
                0x00001028       0x2a Z:\Facultate\Anul 2\Semestrul 1\Proiect Individual\ArduinoSketch2\ArduinoSketch2\ArduinoCore\Release\libArduinoCore.a(Tone.o)
                0x00001028                _Z6noToneh
 .text.__vector_7
                0x00001052       0xb8 Z:\Facultate\Anul 2\Semestrul 1\Proiect Individual\ArduinoSketch2\ArduinoSketch2\ArduinoCore\Release\libArduinoCore.a(Tone.o)
                0x00001052                __vector_7
 .text.__vector_16
                0x0000110a       0x94 Z:\Facultate\Anul 2\Semestrul 1\Proiect Individual\ArduinoSketch2\ArduinoSketch2\ArduinoCore\Release\libArduinoCore.a(wiring.o)
                0x0000110a                __vector_16
 .text.micros   0x0000119e       0x4a Z:\Facultate\Anul 2\Semestrul 1\Proiect Individual\ArduinoSketch2\ArduinoSketch2\ArduinoCore\Release\libArduinoCore.a(wiring.o)
                0x0000119e                micros
 .text.delay    0x000011e8       0x78 Z:\Facultate\Anul 2\Semestrul 1\Proiect Individual\ArduinoSketch2\ArduinoSketch2\ArduinoCore\Release\libArduinoCore.a(wiring.o)
                0x000011e8                delay
 .text.delayMicroseconds
                0x00001260       0x16 Z:\Facultate\Anul 2\Semestrul 1\Proiect Individual\ArduinoSketch2\ArduinoSketch2\ArduinoCore\Release\libArduinoCore.a(wiring.o)
                0x00001260                delayMicroseconds
 .text.init     0x00001276       0x76 Z:\Facultate\Anul 2\Semestrul 1\Proiect Individual\ArduinoSketch2\ArduinoSketch2\ArduinoCore\Release\libArduinoCore.a(wiring.o)
                0x00001276                init
 .text.turnOffPWM
                0x000012ec       0x52 Z:\Facultate\Anul 2\Semestrul 1\Proiect Individual\ArduinoSketch2\ArduinoSketch2\ArduinoCore\Release\libArduinoCore.a(wiring_digital.o)
 .text.pinMode  0x0000133e       0x78 Z:\Facultate\Anul 2\Semestrul 1\Proiect Individual\ArduinoSketch2\ArduinoSketch2\ArduinoCore\Release\libArduinoCore.a(wiring_digital.o)
                0x0000133e                pinMode
 .text.digitalWrite
                0x000013b6       0x5e Z:\Facultate\Anul 2\Semestrul 1\Proiect Individual\ArduinoSketch2\ArduinoSketch2\ArduinoCore\Release\libArduinoCore.a(wiring_digital.o)
                0x000013b6                digitalWrite
 .text.pulseIn  0x00001414       0x64 Z:\Facultate\Anul 2\Semestrul 1\Proiect Individual\ArduinoSketch2\ArduinoSketch2\ArduinoCore\Release\libArduinoCore.a(wiring_pulse.o)
                0x00001414                pulseIn
 .text.__empty  0x00001478        0x2 Z:\Facultate\Anul 2\Semestrul 1\Proiect Individual\ArduinoSketch2\ArduinoSketch2\ArduinoCore\Release\libArduinoCore.a(hooks.o)
                0x00001478                yield
 .text.libgcc.div
                0x0000147a       0x44 c:/program files (x86)/atmel/studio/7.0/toolchain/avr8/avr8-gnu-toolchain/bin/../lib/gcc/avr/5.4.0/avr5\libgcc.a(_udivmodsi4.o)
                0x0000147a                __udivmodsi4
 .text.libgcc.div
                0x000014be       0x2e c:/program files (x86)/atmel/studio/7.0/toolchain/avr8/avr8-gnu-toolchain/bin/../lib/gcc/avr/5.4.0/avr5\libgcc.a(_divmodsi4.o)
                0x000014be                __divmodsi4
 .text.libgcc.div
                0x000014ec       0x10 c:/program files (x86)/atmel/studio/7.0/toolchain/avr8/avr8-gnu-toolchain/bin/../lib/gcc/avr/5.4.0/avr5\libgcc.a(_negsi2.o)
                0x000014ec                __negsi2
 .text.libgcc.mul
                0x000014fc       0x16 c:/program files (x86)/atmel/studio/7.0/toolchain/avr8/avr8-gnu-toolchain/bin/../lib/gcc/avr/5.4.0/avr5\libgcc.a(_muluhisi3.o)
                0x000014fc                __muluhisi3
 .text.libgcc   0x00001512        0xc c:/program files (x86)/atmel/studio/7.0/toolchain/avr8/avr8-gnu-toolchain/bin/../lib/gcc/avr/5.4.0/avr5\libgcc.a(_tablejump2.o)
                0x00001512                __tablejump2__
 .text.libgcc.mul
                0x0000151e       0x1e c:/program files (x86)/atmel/studio/7.0/toolchain/avr8/avr8-gnu-toolchain/bin/../lib/gcc/avr/5.4.0/avr5\libgcc.a(_umulhisi3.o)
                0x0000151e                __umulhisi3
 .text.avr-libc
                0x0000153c      0x242 c:/program files (x86)/atmel/studio/7.0/toolchain/avr8/avr8-gnu-toolchain/bin/../lib/gcc/avr/5.4.0/../../../../avr/lib/avr5\libc.a(malloc.o)
                0x0000153c                malloc
                0x0000166c                free
                0x0000177e                . = ALIGN (0x2)
 *(.fini9)
 .fini9         0x0000177e        0x0 c:/program files (x86)/atmel/studio/7.0/toolchain/avr8/avr8-gnu-toolchain/bin/../lib/gcc/avr/5.4.0/avr5\libgcc.a(_exit.o)
                0x0000177e                _exit
                0x0000177e                exit
 *(.fini9)
 *(.fini8)
 *(.fini8)
 *(.fini7)
 *(.fini7)
 *(.fini6)
 *(.fini6)
 *(.fini5)
 *(.fini5)
 *(.fini4)
 *(.fini4)
 *(.fini3)
 *(.fini3)
 *(.fini2)
 *(.fini2)
 *(.fini1)
 *(.fini1)
 *(.fini0)
 .fini0         0x0000177e        0x4 c:/program files (x86)/atmel/studio/7.0/toolchain/avr8/avr8-gnu-toolchain/bin/../lib/gcc/avr/5.4.0/avr5\libgcc.a(_exit.o)
 *(.fini0)
                0x00001782                _etext = .

.data           0x00800100       0x52 load address 0x00001782
                0x00800100                PROVIDE (__data_start, .)
 *(.data)
 .data          0x00800100        0x6 c:/program files (x86)/atmel/studio/7.0/toolchain/avr8/avr8-gnu-toolchain/bin/../lib/gcc/avr/5.4.0/../../../../avr/lib/avr5\libc.a(malloc.o)
                0x00800100                __malloc_heap_end
                0x00800102                __malloc_heap_start
                0x00800104                __malloc_margin
 *(.data*)
 .data._ZL9tone_pins
                0x00800106        0x1 Z:\Facultate\Anul 2\Semestrul 1\Proiect Individual\ArduinoSketch2\ArduinoSketch2\ArduinoCore\Release\libArduinoCore.a(Tone.o)
 *(.gnu.linkonce.d*)
 *(.rodata)
 *(.rodata*)
 .rodata.str1.1
                0x00800107       0x29 main.o
 .rodata._ZTV14HardwareSerial
                0x00800130       0x12 Z:\Facultate\Anul 2\Semestrul 1\Proiect Individual\ArduinoSketch2\ArduinoSketch2\ArduinoCore\Release\libArduinoCore.a(HardwareSerial.o)
                0x00800130                _ZTV14HardwareSerial
 .rodata.str1.1
                0x00800142        0xf Z:\Facultate\Anul 2\Semestrul 1\Proiect Individual\ArduinoSketch2\ArduinoSketch2\ArduinoCore\Release\libArduinoCore.a(Print.o)
 *(.gnu.linkonce.r*)
                0x00800152                . = ALIGN (0x2)
 *fill*         0x00800151        0x1 
                0x00800152                _edata = .
                0x00800152                PROVIDE (__data_end, .)

.bss            0x00800152       0xc3
                0x00800152                PROVIDE (__bss_start, .)
 *(.bss)
 *(.bss*)
 .bss.S2        0x00800152        0x2 main.o
                0x00800152                S2
 .bss.S1        0x00800154        0x2 main.o
                0x00800154                S1
 .bss.Serial    0x00800156       0x9d Z:\Facultate\Anul 2\Semestrul 1\Proiect Individual\ArduinoSketch2\ArduinoSketch2\ArduinoCore\Release\libArduinoCore.a(HardwareSerial0.o)
                0x00800156                Serial
 .bss.timer2_pin_mask
                0x008001f3        0x1 Z:\Facultate\Anul 2\Semestrul 1\Proiect Individual\ArduinoSketch2\ArduinoSketch2\ArduinoCore\Release\libArduinoCore.a(Tone.o)
                0x008001f3                timer2_pin_mask
 .bss.timer2_pin_port
                0x008001f4        0x2 Z:\Facultate\Anul 2\Semestrul 1\Proiect Individual\ArduinoSketch2\ArduinoSketch2\ArduinoCore\Release\libArduinoCore.a(Tone.o)
                0x008001f4                timer2_pin_port
 .bss.timer2_toggle_count
                0x008001f6        0x4 Z:\Facultate\Anul 2\Semestrul 1\Proiect Individual\ArduinoSketch2\ArduinoSketch2\ArduinoCore\Release\libArduinoCore.a(Tone.o)
                0x008001f6                timer2_toggle_count
 .bss.timer1_pin_mask
                0x008001fa        0x1 Z:\Facultate\Anul 2\Semestrul 1\Proiect Individual\ArduinoSketch2\ArduinoSketch2\ArduinoCore\Release\libArduinoCore.a(Tone.o)
                0x008001fa                timer1_pin_mask
 .bss.timer1_pin_port
                0x008001fb        0x2 Z:\Facultate\Anul 2\Semestrul 1\Proiect Individual\ArduinoSketch2\ArduinoSketch2\ArduinoCore\Release\libArduinoCore.a(Tone.o)
                0x008001fb                timer1_pin_port
 .bss.timer1_toggle_count
                0x008001fd        0x4 Z:\Facultate\Anul 2\Semestrul 1\Proiect Individual\ArduinoSketch2\ArduinoSketch2\ArduinoCore\Release\libArduinoCore.a(Tone.o)
                0x008001fd                timer1_toggle_count
 .bss.timer0_pin_mask
                0x00800201        0x1 Z:\Facultate\Anul 2\Semestrul 1\Proiect Individual\ArduinoSketch2\ArduinoSketch2\ArduinoCore\Release\libArduinoCore.a(Tone.o)
                0x00800201                timer0_pin_mask
 .bss.timer0_pin_port
                0x00800202        0x2 Z:\Facultate\Anul 2\Semestrul 1\Proiect Individual\ArduinoSketch2\ArduinoSketch2\ArduinoCore\Release\libArduinoCore.a(Tone.o)
                0x00800202                timer0_pin_port
 .bss.timer0_toggle_count
                0x00800204        0x4 Z:\Facultate\Anul 2\Semestrul 1\Proiect Individual\ArduinoSketch2\ArduinoSketch2\ArduinoCore\Release\libArduinoCore.a(Tone.o)
                0x00800204                timer0_toggle_count
 .bss.timer0_fract
                0x00800208        0x1 Z:\Facultate\Anul 2\Semestrul 1\Proiect Individual\ArduinoSketch2\ArduinoSketch2\ArduinoCore\Release\libArduinoCore.a(wiring.o)
 .bss.timer0_millis
                0x00800209        0x4 Z:\Facultate\Anul 2\Semestrul 1\Proiect Individual\ArduinoSketch2\ArduinoSketch2\ArduinoCore\Release\libArduinoCore.a(wiring.o)
                0x00800209                timer0_millis
 .bss.timer0_overflow_count
                0x0080020d        0x4 Z:\Facultate\Anul 2\Semestrul 1\Proiect Individual\ArduinoSketch2\ArduinoSketch2\ArduinoCore\Release\libArduinoCore.a(wiring.o)
                0x0080020d                timer0_overflow_count
 *(COMMON)
 COMMON         0x00800211        0x4 c:/program files (x86)/atmel/studio/7.0/toolchain/avr8/avr8-gnu-toolchain/bin/../lib/gcc/avr/5.4.0/../../../../avr/lib/avr5\libc.a(malloc.o)
                0x00800211                __brkval
                0x00800213                __flp
                0x00800215                PROVIDE (__bss_end, .)
                0x00001782                __data_load_start = LOADADDR (.data)
                0x000017d4                __data_load_end = (__data_load_start + SIZEOF (.data))

.noinit         0x00800215        0x0
                [!provide]                PROVIDE (__noinit_start, .)
 *(.noinit*)
                [!provide]                PROVIDE (__noinit_end, .)
                0x00800215                _end = .
                0x00800215                PROVIDE (__heap_start, .)

.eeprom         0x00810000        0x0
 *(.eeprom*)
                0x00810000                __eeprom_end = .

.fuse
 *(.fuse)
 *(.lfuse)
 *(.hfuse)
 *(.efuse)

.lock
 *(.lock*)

.signature
 *(.signature*)

.user_signatures
 *(.user_signatures*)

.stab
 *(.stab)

.stabstr
 *(.stabstr)

.stab.excl
 *(.stab.excl)

.stab.exclstr
 *(.stab.exclstr)

.stab.index
 *(.stab.index)

.stab.indexstr
 *(.stab.indexstr)

.comment        0x00000000       0x30
 *(.comment)
 .comment       0x00000000       0x30 Modules/Actuators/Buzzer/Buzz.o
                                 0x31 (size before relaxing)
 .comment       0x00000030       0x31 Modules/Sensors/SPS/SPS.o
 .comment       0x00000030       0x31 main.o
 .comment       0x00000030       0x31 Z:\Facultate\Anul 2\Semestrul 1\Proiect Individual\ArduinoSketch2\ArduinoSketch2\ArduinoCore\Release\libArduinoCore.a(HardwareSerial.o)
 .comment       0x00000030       0x31 Z:\Facultate\Anul 2\Semestrul 1\Proiect Individual\ArduinoSketch2\ArduinoSketch2\ArduinoCore\Release\libArduinoCore.a(HardwareSerial0.o)
 .comment       0x00000030       0x31 Z:\Facultate\Anul 2\Semestrul 1\Proiect Individual\ArduinoSketch2\ArduinoSketch2\ArduinoCore\Release\libArduinoCore.a(main.o)
 .comment       0x00000030       0x31 Z:\Facultate\Anul 2\Semestrul 1\Proiect Individual\ArduinoSketch2\ArduinoSketch2\ArduinoCore\Release\libArduinoCore.a(new.o)
 .comment       0x00000030       0x31 Z:\Facultate\Anul 2\Semestrul 1\Proiect Individual\ArduinoSketch2\ArduinoSketch2\ArduinoCore\Release\libArduinoCore.a(Print.o)
 .comment       0x00000030       0x31 Z:\Facultate\Anul 2\Semestrul 1\Proiect Individual\ArduinoSketch2\ArduinoSketch2\ArduinoCore\Release\libArduinoCore.a(Tone.o)
 .comment       0x00000030       0x31 Z:\Facultate\Anul 2\Semestrul 1\Proiect Individual\ArduinoSketch2\ArduinoSketch2\ArduinoCore\Release\libArduinoCore.a(wiring.o)
 .comment       0x00000030       0x31 Z:\Facultate\Anul 2\Semestrul 1\Proiect Individual\ArduinoSketch2\ArduinoSketch2\ArduinoCore\Release\libArduinoCore.a(wiring_digital.o)
 .comment       0x00000030       0x31 Z:\Facultate\Anul 2\Semestrul 1\Proiect Individual\ArduinoSketch2\ArduinoSketch2\ArduinoCore\Release\libArduinoCore.a(wiring_pulse.o)
 .comment       0x00000030       0x31 Z:\Facultate\Anul 2\Semestrul 1\Proiect Individual\ArduinoSketch2\ArduinoSketch2\ArduinoCore\Release\libArduinoCore.a(hooks.o)
 .comment       0x00000030       0x31 c:/program files (x86)/atmel/studio/7.0/toolchain/avr8/avr8-gnu-toolchain/bin/../lib/gcc/avr/5.4.0/../../../../avr/lib/avr5\libc.a(malloc.o)

.note.gnu.avr.deviceinfo
                0x00000000       0x40
 .note.gnu.avr.deviceinfo
                0x00000000       0x40 C:/Program Files (x86)/Atmel/Studio/7.0/Packs/atmel/ATmega_DFP/1.6.364/gcc/dev/atmega328p/avr5/crtatmega328p.o

.note.gnu.build-id
 *(.note.gnu.build-id)

.debug
 *(.debug)

.line
 *(.line)

.debug_srcinfo
 *(.debug_srcinfo)

.debug_sfnames
 *(.debug_sfnames)

.debug_aranges  0x00000000      0x428
 *(.debug_aranges)
 .debug_aranges
                0x00000000       0x48 Modules/Actuators/Buzzer/Buzz.o
 .debug_aranges
                0x00000048       0x78 Modules/Sensors/SPS/SPS.o
 .debug_aranges
                0x000000c0       0x38 main.o
 .debug_aranges
                0x000000f8       0x68 Z:\Facultate\Anul 2\Semestrul 1\Proiect Individual\ArduinoSketch2\ArduinoSketch2\ArduinoCore\Release\libArduinoCore.a(HardwareSerial.o)
 .debug_aranges
                0x00000160       0x48 Z:\Facultate\Anul 2\Semestrul 1\Proiect Individual\ArduinoSketch2\ArduinoSketch2\ArduinoCore\Release\libArduinoCore.a(HardwareSerial0.o)
 .debug_aranges
                0x000001a8       0x30 Z:\Facultate\Anul 2\Semestrul 1\Proiect Individual\ArduinoSketch2\ArduinoSketch2\ArduinoCore\Release\libArduinoCore.a(main.o)
 .debug_aranges
                0x000001d8       0x30 Z:\Facultate\Anul 2\Semestrul 1\Proiect Individual\ArduinoSketch2\ArduinoSketch2\ArduinoCore\Release\libArduinoCore.a(new.o)
 .debug_aranges
                0x00000208      0x100 Z:\Facultate\Anul 2\Semestrul 1\Proiect Individual\ArduinoSketch2\ArduinoSketch2\ArduinoCore\Release\libArduinoCore.a(Print.o)
 .debug_aranges
                0x00000308       0x38 Z:\Facultate\Anul 2\Semestrul 1\Proiect Individual\ArduinoSketch2\ArduinoSketch2\ArduinoCore\Release\libArduinoCore.a(Tone.o)
 .debug_aranges
                0x00000340       0x48 Z:\Facultate\Anul 2\Semestrul 1\Proiect Individual\ArduinoSketch2\ArduinoSketch2\ArduinoCore\Release\libArduinoCore.a(wiring.o)
 .debug_aranges
                0x00000388       0x38 Z:\Facultate\Anul 2\Semestrul 1\Proiect Individual\ArduinoSketch2\ArduinoSketch2\ArduinoCore\Release\libArduinoCore.a(wiring_digital.o)
 .debug_aranges
                0x000003c0       0x28 Z:\Facultate\Anul 2\Semestrul 1\Proiect Individual\ArduinoSketch2\ArduinoSketch2\ArduinoCore\Release\libArduinoCore.a(wiring_pulse.o)
 .debug_aranges
                0x000003e8       0x20 Z:\Facultate\Anul 2\Semestrul 1\Proiect Individual\ArduinoSketch2\ArduinoSketch2\ArduinoCore\Release\libArduinoCore.a(hooks.o)
 .debug_aranges
                0x00000408       0x20 Z:\Facultate\Anul 2\Semestrul 1\Proiect Individual\ArduinoSketch2\ArduinoSketch2\ArduinoCore\Release\libArduinoCore.a(wiring_pulse.o)

.debug_pubnames
 *(.debug_pubnames)

.debug_info     0x00000000     0x9911
 *(.debug_info .gnu.linkonce.wi.*)
 .debug_info    0x00000000      0x5f4 C:/Program Files (x86)/Atmel/Studio/7.0/Packs/atmel/ATmega_DFP/1.6.364/gcc/dev/atmega328p/avr5/crtatmega328p.o
 .debug_info    0x000005f4      0x450 Modules/Actuators/Buzzer/Buzz.o
 .debug_info    0x00000a44      0xa1d Modules/Sensors/SPS/SPS.o
 .debug_info    0x00001461      0x7c3 main.o
 .debug_info    0x00001c24     0x1f64 Z:\Facultate\Anul 2\Semestrul 1\Proiect Individual\ArduinoSketch2\ArduinoSketch2\ArduinoCore\Release\libArduinoCore.a(HardwareSerial.o)
 .debug_info    0x00003b88     0x1b16 Z:\Facultate\Anul 2\Semestrul 1\Proiect Individual\ArduinoSketch2\ArduinoSketch2\ArduinoCore\Release\libArduinoCore.a(HardwareSerial0.o)
 .debug_info    0x0000569e      0x237 Z:\Facultate\Anul 2\Semestrul 1\Proiect Individual\ArduinoSketch2\ArduinoSketch2\ArduinoCore\Release\libArduinoCore.a(main.o)
 .debug_info    0x000058d5      0x15f Z:\Facultate\Anul 2\Semestrul 1\Proiect Individual\ArduinoSketch2\ArduinoSketch2\ArduinoCore\Release\libArduinoCore.a(new.o)
 .debug_info    0x00005a34     0x28ff Z:\Facultate\Anul 2\Semestrul 1\Proiect Individual\ArduinoSketch2\ArduinoSketch2\ArduinoCore\Release\libArduinoCore.a(Print.o)
 .debug_info    0x00008333      0x7ab Z:\Facultate\Anul 2\Semestrul 1\Proiect Individual\ArduinoSketch2\ArduinoSketch2\ArduinoCore\Release\libArduinoCore.a(Tone.o)
 .debug_info    0x00008ade      0x2cb Z:\Facultate\Anul 2\Semestrul 1\Proiect Individual\ArduinoSketch2\ArduinoSketch2\ArduinoCore\Release\libArduinoCore.a(wiring.o)
 .debug_info    0x00008da9      0x5fe Z:\Facultate\Anul 2\Semestrul 1\Proiect Individual\ArduinoSketch2\ArduinoSketch2\ArduinoCore\Release\libArduinoCore.a(wiring_digital.o)
 .debug_info    0x000093a7      0x470 Z:\Facultate\Anul 2\Semestrul 1\Proiect Individual\ArduinoSketch2\ArduinoSketch2\ArduinoCore\Release\libArduinoCore.a(wiring_pulse.o)
 .debug_info    0x00009817       0x3e Z:\Facultate\Anul 2\Semestrul 1\Proiect Individual\ArduinoSketch2\ArduinoSketch2\ArduinoCore\Release\libArduinoCore.a(hooks.o)
 .debug_info    0x00009855       0xbc Z:\Facultate\Anul 2\Semestrul 1\Proiect Individual\ArduinoSketch2\ArduinoSketch2\ArduinoCore\Release\libArduinoCore.a(wiring_pulse.o)

.debug_abbrev   0x00000000     0x22f3
 *(.debug_abbrev)
 .debug_abbrev  0x00000000      0x5a2 C:/Program Files (x86)/Atmel/Studio/7.0/Packs/atmel/ATmega_DFP/1.6.364/gcc/dev/atmega328p/avr5/crtatmega328p.o
 .debug_abbrev  0x000005a2      0x202 Modules/Actuators/Buzzer/Buzz.o
 .debug_abbrev  0x000007a4      0x2b7 Modules/Sensors/SPS/SPS.o
 .debug_abbrev  0x00000a5b      0x2be main.o
 .debug_abbrev  0x00000d19      0x4b7 Z:\Facultate\Anul 2\Semestrul 1\Proiect Individual\ArduinoSketch2\ArduinoSketch2\ArduinoCore\Release\libArduinoCore.a(HardwareSerial.o)
 .debug_abbrev  0x000011d0      0x3ce Z:\Facultate\Anul 2\Semestrul 1\Proiect Individual\ArduinoSketch2\ArduinoSketch2\ArduinoCore\Release\libArduinoCore.a(HardwareSerial0.o)
 .debug_abbrev  0x0000159e      0x12d Z:\Facultate\Anul 2\Semestrul 1\Proiect Individual\ArduinoSketch2\ArduinoSketch2\ArduinoCore\Release\libArduinoCore.a(main.o)
 .debug_abbrev  0x000016cb      0x109 Z:\Facultate\Anul 2\Semestrul 1\Proiect Individual\ArduinoSketch2\ArduinoSketch2\ArduinoCore\Release\libArduinoCore.a(new.o)
 .debug_abbrev  0x000017d4      0x47a Z:\Facultate\Anul 2\Semestrul 1\Proiect Individual\ArduinoSketch2\ArduinoSketch2\ArduinoCore\Release\libArduinoCore.a(Print.o)
 .debug_abbrev  0x00001c4e      0x2a5 Z:\Facultate\Anul 2\Semestrul 1\Proiect Individual\ArduinoSketch2\ArduinoSketch2\ArduinoCore\Release\libArduinoCore.a(Tone.o)
 .debug_abbrev  0x00001ef3      0x146 Z:\Facultate\Anul 2\Semestrul 1\Proiect Individual\ArduinoSketch2\ArduinoSketch2\ArduinoCore\Release\libArduinoCore.a(wiring.o)
 .debug_abbrev  0x00002039      0x15b Z:\Facultate\Anul 2\Semestrul 1\Proiect Individual\ArduinoSketch2\ArduinoSketch2\ArduinoCore\Release\libArduinoCore.a(wiring_digital.o)
 .debug_abbrev  0x00002194      0x121 Z:\Facultate\Anul 2\Semestrul 1\Proiect Individual\ArduinoSketch2\ArduinoSketch2\ArduinoCore\Release\libArduinoCore.a(wiring_pulse.o)
 .debug_abbrev  0x000022b5       0x2a Z:\Facultate\Anul 2\Semestrul 1\Proiect Individual\ArduinoSketch2\ArduinoSketch2\ArduinoCore\Release\libArduinoCore.a(hooks.o)
 .debug_abbrev  0x000022df       0x14 Z:\Facultate\Anul 2\Semestrul 1\Proiect Individual\ArduinoSketch2\ArduinoSketch2\ArduinoCore\Release\libArduinoCore.a(wiring_pulse.o)

.debug_line     0x00000000     0x26e0
 *(.debug_line .debug_line.* .debug_line_end)
 .debug_line    0x00000000      0x134 C:/Program Files (x86)/Atmel/Studio/7.0/Packs/atmel/ATmega_DFP/1.6.364/gcc/dev/atmega328p/avr5/crtatmega328p.o
 .debug_line    0x00000134      0x1d2 Modules/Actuators/Buzzer/Buzz.o
 .debug_line    0x00000306      0x403 Modules/Sensors/SPS/SPS.o
 .debug_line    0x00000709      0x288 main.o
 .debug_line    0x00000991      0x4c4 Z:\Facultate\Anul 2\Semestrul 1\Proiect Individual\ArduinoSketch2\ArduinoSketch2\ArduinoCore\Release\libArduinoCore.a(HardwareSerial.o)
 .debug_line    0x00000e55      0x28c Z:\Facultate\Anul 2\Semestrul 1\Proiect Individual\ArduinoSketch2\ArduinoSketch2\ArduinoCore\Release\libArduinoCore.a(HardwareSerial0.o)
 .debug_line    0x000010e1      0x165 Z:\Facultate\Anul 2\Semestrul 1\Proiect Individual\ArduinoSketch2\ArduinoSketch2\ArduinoCore\Release\libArduinoCore.a(main.o)
 .debug_line    0x00001246      0x145 Z:\Facultate\Anul 2\Semestrul 1\Proiect Individual\ArduinoSketch2\ArduinoSketch2\ArduinoCore\Release\libArduinoCore.a(new.o)
 .debug_line    0x0000138b      0x685 Z:\Facultate\Anul 2\Semestrul 1\Proiect Individual\ArduinoSketch2\ArduinoSketch2\ArduinoCore\Release\libArduinoCore.a(Print.o)
 .debug_line    0x00001a10      0x3f8 Z:\Facultate\Anul 2\Semestrul 1\Proiect Individual\ArduinoSketch2\ArduinoSketch2\ArduinoCore\Release\libArduinoCore.a(Tone.o)
 .debug_line    0x00001e08      0x299 Z:\Facultate\Anul 2\Semestrul 1\Proiect Individual\ArduinoSketch2\ArduinoSketch2\ArduinoCore\Release\libArduinoCore.a(wiring.o)
 .debug_line    0x000020a1      0x252 Z:\Facultate\Anul 2\Semestrul 1\Proiect Individual\ArduinoSketch2\ArduinoSketch2\ArduinoCore\Release\libArduinoCore.a(wiring_digital.o)
 .debug_line    0x000022f3      0x1b6 Z:\Facultate\Anul 2\Semestrul 1\Proiect Individual\ArduinoSketch2\ArduinoSketch2\ArduinoCore\Release\libArduinoCore.a(wiring_pulse.o)
 .debug_line    0x000024a9       0x41 Z:\Facultate\Anul 2\Semestrul 1\Proiect Individual\ArduinoSketch2\ArduinoSketch2\ArduinoCore\Release\libArduinoCore.a(hooks.o)
 .debug_line    0x000024ea      0x1f6 Z:\Facultate\Anul 2\Semestrul 1\Proiect Individual\ArduinoSketch2\ArduinoSketch2\ArduinoCore\Release\libArduinoCore.a(wiring_pulse.o)

.debug_frame    0x00000000      0xb34
 *(.debug_frame)
 .debug_frame   0x00000000       0x80 Modules/Actuators/Buzzer/Buzz.o
 .debug_frame   0x00000080      0x104 Modules/Sensors/SPS/SPS.o
 .debug_frame   0x00000184       0x6c main.o
 .debug_frame   0x000001f0      0x110 Z:\Facultate\Anul 2\Semestrul 1\Proiect Individual\ArduinoSketch2\ArduinoSketch2\ArduinoCore\Release\libArduinoCore.a(HardwareSerial.o)
 .debug_frame   0x00000300       0xe0 Z:\Facultate\Anul 2\Semestrul 1\Proiect Individual\ArduinoSketch2\ArduinoSketch2\ArduinoCore\Release\libArduinoCore.a(HardwareSerial0.o)
 .debug_frame   0x000003e0       0x54 Z:\Facultate\Anul 2\Semestrul 1\Proiect Individual\ArduinoSketch2\ArduinoSketch2\ArduinoCore\Release\libArduinoCore.a(main.o)
 .debug_frame   0x00000434       0x64 Z:\Facultate\Anul 2\Semestrul 1\Proiect Individual\ArduinoSketch2\ArduinoSketch2\ArduinoCore\Release\libArduinoCore.a(new.o)
 .debug_frame   0x00000498      0x3ac Z:\Facultate\Anul 2\Semestrul 1\Proiect Individual\ArduinoSketch2\ArduinoSketch2\ArduinoCore\Release\libArduinoCore.a(Print.o)
 .debug_frame   0x00000844       0xfc Z:\Facultate\Anul 2\Semestrul 1\Proiect Individual\ArduinoSketch2\ArduinoSketch2\ArduinoCore\Release\libArduinoCore.a(Tone.o)
 .debug_frame   0x00000940       0xc4 Z:\Facultate\Anul 2\Semestrul 1\Proiect Individual\ArduinoSketch2\ArduinoSketch2\ArduinoCore\Release\libArduinoCore.a(wiring.o)
 .debug_frame   0x00000a04       0x7c Z:\Facultate\Anul 2\Semestrul 1\Proiect Individual\ArduinoSketch2\ArduinoSketch2\ArduinoCore\Release\libArduinoCore.a(wiring_digital.o)
 .debug_frame   0x00000a80       0x90 Z:\Facultate\Anul 2\Semestrul 1\Proiect Individual\ArduinoSketch2\ArduinoSketch2\ArduinoCore\Release\libArduinoCore.a(wiring_pulse.o)
 .debug_frame   0x00000b10       0x24 Z:\Facultate\Anul 2\Semestrul 1\Proiect Individual\ArduinoSketch2\ArduinoSketch2\ArduinoCore\Release\libArduinoCore.a(hooks.o)

.debug_str      0x00000000     0x248e
 *(.debug_str)
 .debug_str     0x00000000      0x208 C:/Program Files (x86)/Atmel/Studio/7.0/Packs/atmel/ATmega_DFP/1.6.364/gcc/dev/atmega328p/avr5/crtatmega328p.o
 .debug_str     0x00000208      0x333 Modules/Actuators/Buzzer/Buzz.o
                                0x37f (size before relaxing)
 .debug_str     0x0000053b      0x29f Modules/Sensors/SPS/SPS.o
                                0x5aa (size before relaxing)
 .debug_str     0x000007da       0xf1 main.o
                                0x5c3 (size before relaxing)
 .debug_str     0x000008cb     0x1342 Z:\Facultate\Anul 2\Semestrul 1\Proiect Individual\ArduinoSketch2\ArduinoSketch2\ArduinoCore\Release\libArduinoCore.a(HardwareSerial.o)
                               0x1625 (size before relaxing)
 .debug_str     0x00001c0d       0x86 Z:\Facultate\Anul 2\Semestrul 1\Proiect Individual\ArduinoSketch2\ArduinoSketch2\ArduinoCore\Release\libArduinoCore.a(HardwareSerial0.o)
                               0x1418 (size before relaxing)
 .debug_str     0x00001c93       0x37 Z:\Facultate\Anul 2\Semestrul 1\Proiect Individual\ArduinoSketch2\ArduinoSketch2\ArduinoCore\Release\libArduinoCore.a(main.o)
                                0x2c4 (size before relaxing)
 .debug_str     0x00001cca       0x5d Z:\Facultate\Anul 2\Semestrul 1\Proiect Individual\ArduinoSketch2\ArduinoSketch2\ArduinoCore\Release\libArduinoCore.a(new.o)
                                0x1ef (size before relaxing)
 .debug_str     0x00001d27      0x3a1 Z:\Facultate\Anul 2\Semestrul 1\Proiect Individual\ArduinoSketch2\ArduinoSketch2\ArduinoCore\Release\libArduinoCore.a(Print.o)
                               0x1252 (size before relaxing)
 .debug_str     0x000020c8      0x194 Z:\Facultate\Anul 2\Semestrul 1\Proiect Individual\ArduinoSketch2\ArduinoSketch2\ArduinoCore\Release\libArduinoCore.a(Tone.o)
                                0x44b (size before relaxing)
 .debug_str     0x0000225c      0x141 Z:\Facultate\Anul 2\Semestrul 1\Proiect Individual\ArduinoSketch2\ArduinoSketch2\ArduinoCore\Release\libArduinoCore.a(wiring.o)
                                0x25a (size before relaxing)
 .debug_str     0x0000239d       0x75 Z:\Facultate\Anul 2\Semestrul 1\Proiect Individual\ArduinoSketch2\ArduinoSketch2\ArduinoCore\Release\libArduinoCore.a(wiring_digital.o)
                                0x2bf (size before relaxing)
 .debug_str     0x00002412       0x60 Z:\Facultate\Anul 2\Semestrul 1\Proiect Individual\ArduinoSketch2\ArduinoSketch2\ArduinoCore\Release\libArduinoCore.a(wiring_pulse.o)
                                0x29a (size before relaxing)
 .debug_str     0x00002472       0x1c Z:\Facultate\Anul 2\Semestrul 1\Proiect Individual\ArduinoSketch2\ArduinoSketch2\ArduinoCore\Release\libArduinoCore.a(hooks.o)
                                0x14f (size before relaxing)

.debug_loc      0x00000000     0x3f3b
 *(.debug_loc)
 .debug_loc     0x00000000       0xd3 Modules/Actuators/Buzzer/Buzz.o
 .debug_loc     0x000000d3      0x30e Modules/Sensors/SPS/SPS.o
 .debug_loc     0x000003e1       0xd4 main.o
 .debug_loc     0x000004b5      0x4dc Z:\Facultate\Anul 2\Semestrul 1\Proiect Individual\ArduinoSketch2\ArduinoSketch2\ArduinoCore\Release\libArduinoCore.a(HardwareSerial.o)
 .debug_loc     0x00000991      0x1b0 Z:\Facultate\Anul 2\Semestrul 1\Proiect Individual\ArduinoSketch2\ArduinoSketch2\ArduinoCore\Release\libArduinoCore.a(HardwareSerial0.o)
 .debug_loc     0x00000b41       0x72 Z:\Facultate\Anul 2\Semestrul 1\Proiect Individual\ArduinoSketch2\ArduinoSketch2\ArduinoCore\Release\libArduinoCore.a(new.o)
 .debug_loc     0x00000bb3     0x1c87 Z:\Facultate\Anul 2\Semestrul 1\Proiect Individual\ArduinoSketch2\ArduinoSketch2\ArduinoCore\Release\libArduinoCore.a(Print.o)
 .debug_loc     0x0000283a      0x9ff Z:\Facultate\Anul 2\Semestrul 1\Proiect Individual\ArduinoSketch2\ArduinoSketch2\ArduinoCore\Release\libArduinoCore.a(Tone.o)
 .debug_loc     0x00003239      0x28d Z:\Facultate\Anul 2\Semestrul 1\Proiect Individual\ArduinoSketch2\ArduinoSketch2\ArduinoCore\Release\libArduinoCore.a(wiring.o)
 .debug_loc     0x000034c6      0x5fc Z:\Facultate\Anul 2\Semestrul 1\Proiect Individual\ArduinoSketch2\ArduinoSketch2\ArduinoCore\Release\libArduinoCore.a(wiring_digital.o)
 .debug_loc     0x00003ac2      0x479 Z:\Facultate\Anul 2\Semestrul 1\Proiect Individual\ArduinoSketch2\ArduinoSketch2\ArduinoCore\Release\libArduinoCore.a(wiring_pulse.o)

.debug_macinfo
 *(.debug_macinfo)

.debug_weaknames
 *(.debug_weaknames)

.debug_funcnames
 *(.debug_funcnames)

.debug_typenames
 *(.debug_typenames)

.debug_varnames
 *(.debug_varnames)

.debug_pubtypes
 *(.debug_pubtypes)

.debug_ranges   0x00000000      0x398
 *(.debug_ranges)
 .debug_ranges  0x00000000       0x38 Modules/Actuators/Buzzer/Buzz.o
 .debug_ranges  0x00000038       0x68 Modules/Sensors/SPS/SPS.o
 .debug_ranges  0x000000a0       0x28 main.o
 .debug_ranges  0x000000c8       0x58 Z:\Facultate\Anul 2\Semestrul 1\Proiect Individual\ArduinoSketch2\ArduinoSketch2\ArduinoCore\Release\libArduinoCore.a(HardwareSerial.o)
 .debug_ranges  0x00000120       0x38 Z:\Facultate\Anul 2\Semestrul 1\Proiect Individual\ArduinoSketch2\ArduinoSketch2\ArduinoCore\Release\libArduinoCore.a(HardwareSerial0.o)
 .debug_ranges  0x00000158       0x20 Z:\Facultate\Anul 2\Semestrul 1\Proiect Individual\ArduinoSketch2\ArduinoSketch2\ArduinoCore\Release\libArduinoCore.a(main.o)
 .debug_ranges  0x00000178       0x20 Z:\Facultate\Anul 2\Semestrul 1\Proiect Individual\ArduinoSketch2\ArduinoSketch2\ArduinoCore\Release\libArduinoCore.a(new.o)
 .debug_ranges  0x00000198      0x120 Z:\Facultate\Anul 2\Semestrul 1\Proiect Individual\ArduinoSketch2\ArduinoSketch2\ArduinoCore\Release\libArduinoCore.a(Print.o)
 .debug_ranges  0x000002b8       0x58 Z:\Facultate\Anul 2\Semestrul 1\Proiect Individual\ArduinoSketch2\ArduinoSketch2\ArduinoCore\Release\libArduinoCore.a(Tone.o)
 .debug_ranges  0x00000310       0x38 Z:\Facultate\Anul 2\Semestrul 1\Proiect Individual\ArduinoSketch2\ArduinoSketch2\ArduinoCore\Release\libArduinoCore.a(wiring.o)
 .debug_ranges  0x00000348       0x28 Z:\Facultate\Anul 2\Semestrul 1\Proiect Individual\ArduinoSketch2\ArduinoSketch2\ArduinoCore\Release\libArduinoCore.a(wiring_digital.o)
 .debug_ranges  0x00000370       0x18 Z:\Facultate\Anul 2\Semestrul 1\Proiect Individual\ArduinoSketch2\ArduinoSketch2\ArduinoCore\Release\libArduinoCore.a(wiring_pulse.o)
 .debug_ranges  0x00000388       0x10 Z:\Facultate\Anul 2\Semestrul 1\Proiect Individual\ArduinoSketch2\ArduinoSketch2\ArduinoCore\Release\libArduinoCore.a(hooks.o)

.debug_macro
 *(.debug_macro)
OUTPUT(main.elf elf32-avr)
LOAD linker stubs
