Archive member included to satisfy reference by file (symbol)

c:/program files (x86)/atmel/studio/7.0/toolchain/avr8/avr8-gnu-toolchain/bin/../lib/gcc/avr/5.4.0/../../../../avr/lib/avr5\libm.a(fixsfsi.o)
                              Modules/Sensors/SPS/SPS.o (__fixsfsi)
c:/program files (x86)/atmel/studio/7.0/toolchain/avr8/avr8-gnu-toolchain/bin/../lib/gcc/avr/5.4.0/../../../../avr/lib/avr5\libm.a(fixunssfsi.o)
                              c:/program files (x86)/atmel/studio/7.0/toolchain/avr8/avr8-gnu-toolchain/bin/../lib/gcc/avr/5.4.0/../../../../avr/lib/avr5\libm.a(fixsfsi.o) (__fixunssfsi)
c:/program files (x86)/atmel/studio/7.0/toolchain/avr8/avr8-gnu-toolchain/bin/../lib/gcc/avr/5.4.0/../../../../avr/lib/avr5\libm.a(floatsisf.o)
                              Modules/Sensors/SPS/SPS.o (__floatsisf)
c:/program files (x86)/atmel/studio/7.0/toolchain/avr8/avr8-gnu-toolchain/bin/../lib/gcc/avr/5.4.0/../../../../avr/lib/avr5\libm.a(fp_split3.o)
                              c:/program files (x86)/atmel/studio/7.0/toolchain/avr8/avr8-gnu-toolchain/bin/../lib/gcc/avr/5.4.0/../../../../avr/lib/avr5\libm.a(fixunssfsi.o) (__fp_splitA)
c:/program files (x86)/atmel/studio/7.0/toolchain/avr8/avr8-gnu-toolchain/bin/../lib/gcc/avr/5.4.0/../../../../avr/lib/avr5\libm.a(fp_zero.o)
                              c:/program files (x86)/atmel/studio/7.0/toolchain/avr8/avr8-gnu-toolchain/bin/../lib/gcc/avr/5.4.0/../../../../avr/lib/avr5\libm.a(fixunssfsi.o) (__fp_zero)
c:/program files (x86)/atmel/studio/7.0/toolchain/avr8/avr8-gnu-toolchain/bin/../lib/gcc/avr/5.4.0/../../../../avr/lib/avr5\libm.a(mulsf3.o)
                              Modules/Sensors/SPS/SPS.o (__mulsf3)
c:/program files (x86)/atmel/studio/7.0/toolchain/avr8/avr8-gnu-toolchain/bin/../lib/gcc/avr/5.4.0/../../../../avr/lib/avr5\libm.a(mulsf3x.o)
                              c:/program files (x86)/atmel/studio/7.0/toolchain/avr8/avr8-gnu-toolchain/bin/../lib/gcc/avr/5.4.0/../../../../avr/lib/avr5\libm.a(mulsf3.o) (__mulsf3x)
c:/program files (x86)/atmel/studio/7.0/toolchain/avr8/avr8-gnu-toolchain/bin/../lib/gcc/avr/5.4.0/../../../../avr/lib/avr5\libm.a(fp_inf.o)
                              c:/program files (x86)/atmel/studio/7.0/toolchain/avr8/avr8-gnu-toolchain/bin/../lib/gcc/avr/5.4.0/../../../../avr/lib/avr5\libm.a(mulsf3x.o) (__fp_inf)
c:/program files (x86)/atmel/studio/7.0/toolchain/avr8/avr8-gnu-toolchain/bin/../lib/gcc/avr/5.4.0/../../../../avr/lib/avr5\libm.a(fp_nan.o)
                              c:/program files (x86)/atmel/studio/7.0/toolchain/avr8/avr8-gnu-toolchain/bin/../lib/gcc/avr/5.4.0/../../../../avr/lib/avr5\libm.a(mulsf3x.o) (__fp_nan)
c:/program files (x86)/atmel/studio/7.0/toolchain/avr8/avr8-gnu-toolchain/bin/../lib/gcc/avr/5.4.0/../../../../avr/lib/avr5\libm.a(fp_pscA.o)
                              c:/program files (x86)/atmel/studio/7.0/toolchain/avr8/avr8-gnu-toolchain/bin/../lib/gcc/avr/5.4.0/../../../../avr/lib/avr5\libm.a(mulsf3x.o) (__fp_pscA)
c:/program files (x86)/atmel/studio/7.0/toolchain/avr8/avr8-gnu-toolchain/bin/../lib/gcc/avr/5.4.0/../../../../avr/lib/avr5\libm.a(fp_pscB.o)
                              c:/program files (x86)/atmel/studio/7.0/toolchain/avr8/avr8-gnu-toolchain/bin/../lib/gcc/avr/5.4.0/../../../../avr/lib/avr5\libm.a(mulsf3x.o) (__fp_pscB)
c:/program files (x86)/atmel/studio/7.0/toolchain/avr8/avr8-gnu-toolchain/bin/../lib/gcc/avr/5.4.0/../../../../avr/lib/avr5\libm.a(fp_round.o)
                              c:/program files (x86)/atmel/studio/7.0/toolchain/avr8/avr8-gnu-toolchain/bin/../lib/gcc/avr/5.4.0/../../../../avr/lib/avr5\libm.a(mulsf3.o) (__fp_round)
Z:\Facultate\Anul 2\Semestrul 1\Proiect Individual\ArduinoSketch2\ArduinoSketch2\ArduinoCore\Release\libArduinoCore.a(HardwareSerial.o)
                              main.o (_ZN14HardwareSerial5beginEmh)
Z:\Facultate\Anul 2\Semestrul 1\Proiect Individual\ArduinoSketch2\ArduinoSketch2\ArduinoCore\Release\libArduinoCore.a(HardwareSerial0.o)
                              Modules/Sensors/SPS/SPS.o (Serial)
Z:\Facultate\Anul 2\Semestrul 1\Proiect Individual\ArduinoSketch2\ArduinoSketch2\ArduinoCore\Release\libArduinoCore.a(main.o)
                              C:/Program Files (x86)/Atmel/Studio/7.0/Packs/atmel/ATmega_DFP/1.6.364/gcc/dev/atmega328p/avr5/crtatmega328p.o (main)
Z:\Facultate\Anul 2\Semestrul 1\Proiect Individual\ArduinoSketch2\ArduinoSketch2\ArduinoCore\Release\libArduinoCore.a(new.o)
                              main.o (_Znwj)
Z:\Facultate\Anul 2\Semestrul 1\Proiect Individual\ArduinoSketch2\ArduinoSketch2\ArduinoCore\Release\libArduinoCore.a(Print.o)
                              Z:\Facultate\Anul 2\Semestrul 1\Proiect Individual\ArduinoSketch2\ArduinoSketch2\ArduinoCore\Release\libArduinoCore.a(HardwareSerial.o) (_ZN5Print5writeEPKhj)
Z:\Facultate\Anul 2\Semestrul 1\Proiect Individual\ArduinoSketch2\ArduinoSketch2\ArduinoCore\Release\libArduinoCore.a(Tone.o)
[...]
Memory Configuration

Name             Origin             Length             Attributes
text             0x00000000         0x00008000         xr
data             0x00800100         0x00000800         rw !x
eeprom           0x00810000         0x00000400         rw !x
fuse             0x00820000         0x00000003         rw !x
lock             0x00830000         0x00000400         rw !x
signature        0x00840000         0x00000400         rw !x
user_signatures  0x00850000         0x00000400         rw !x
*default*        0x00000000         0xffffffff

Linker script and memory map

Address of section .data set to 0x800100
LOAD C:/Program Files (x86)/Atmel/Studio/7.0/Packs/atmel/ATmega_DFP/1.6.364/gcc/dev/atmega328p/avr5/crtatmega328p.o
LOAD Modules/Actuators/Buzzer/Buzz.o
LOAD Modules/Actuators/MotorControl/Motor_Control.o
LOAD Modules/Sensors/SPS/SPS.o
LOAD main.o
START GROUP
LOAD c:/program files (x86)/atmel/studio/7.0/toolchain/avr8/avr8-gnu-toolchain/bin/../lib/gcc/avr/5.4.0/../../../../avr/lib/avr5\libm.a
LOAD Z:\Facultate\Anul 2\Semestrul 1\Proiect Individual\ArduinoSketch2\ArduinoSketch2\ArduinoCore\Release\libArduinoCore.a
END GROUP
LOAD c:/program files (x86)/atmel/studio/7.0/toolchain/avr8/avr8-gnu-toolchain/bin/../lib/gcc/avr/5.4.0/avr5\libgcc.a
LOAD c:/program files (x86)/atmel/studio/7.0/toolchain/avr8/avr8-gnu-toolchain/bin/../lib/gcc/avr/5.4.0/../../../../avr/lib/avr5\libm.a
START GROUP
LOAD c:/program files (x86)/atmel/studio/7.0/toolchain/avr8/avr8-gnu-toolchain/bin/../lib/gcc/avr/5.4.0/avr5\libgcc.a
LOAD c:/program files (x86)/atmel/studio/7.0/toolchain/avr8/avr8-gnu-toolchain/bin/../lib/gcc/avr/5.4.0/../../../../avr/lib/avr5\libm.a
LOAD c:/program files (x86)/atmel/studio/7.0/toolchain/avr8/avr8-gnu-toolchain/bin/../lib/gcc/avr/5.4.0/../../../../avr/lib/avr5\libc.a
LOAD C:/Program Files (x86)/Atmel/Studio/7.0/Packs/atmel/ATmega_DFP/1.6.364/gcc/dev/atmega328p/avr5\libatmega328p.a
END GROUP
                0x00000000                __TEXT_REGION_ORIGIN__ = DEFINED (__TEXT_REGION_ORIGIN__)?__TEXT_REGION_ORIGIN__:0x0
                [0x00800100]                __DATA_REGION_ORIGIN__ = DEFINED (__DATA_REGION_ORIGIN__)?__DATA_REGION_ORIGIN__:0x800060
                [0x00008000]                __TEXT_REGION_LENGTH__ = DEFINED (__TEXT_REGION_LENGTH__)?__TEXT_REGION_LENGTH__:0x20000
                [0x00000800]                __DATA_REGION_LENGTH__ = DEFINED (__DATA_REGION_LENGTH__)?__DATA_REGION_LENGTH__:0xffa0
                [0x00000400]                __EEPROM_REGION_LENGTH__ = DEFINED (__EEPROM_REGION_LENGTH__)?__EEPROM_REGION_LENGTH__:0x10000
                [0x00000003]                __FUSE_REGION_LENGTH__ = DEFINED (__FUSE_REGION_LENGTH__)?__FUSE_REGION_LENGTH__:0x400
                0x00000400                __LOCK_REGION_LENGTH__ = DEFINED (__LOCK_REGION_LENGTH__)?__LOCK_REGION_LENGTH__:0x400
                0x00000400                __SIGNATURE_REGION_LENGTH__ = DEFINED (__SIGNATURE_REGION_LENGTH__)?__SIGNATURE_REGION_LENGTH__:0x400
                0x00000400                __USER_SIGNATURE_REGION_LENGTH__ = DEFINED (__USER_SIGNATURE_REGION_LENGTH__)?__USER_SIGNATURE_REGION_LENGTH__:0x400

.hash
 *(.hash)

.dynsym
 *(.dynsym)

.dynstr
 *(.dynstr)

.gnu.version
 *(.gnu.version)

.gnu.version_d
 *(.gnu.version_d)

.gnu.version_r
 *(.gnu.version_r)

.rel.init
 *(.rel.init)

.rela.init
 *(.rela.init)

.rel.text
 *(.rel.text)
 *(.rel.text.*)
 *(.rel.gnu.linkonce.t*)

.rela.text
 *(.rela.text)
 *(.rela.text.*)
 *(.rela.gnu.linkonce.t*)

.rel.fini
 *(.rel.fini)

.rela.fini
 *(.rela.fini)

.rel.rodata
 *(.rel.rodata)
 *(.rel.rodata.*)
 *(.rel.gnu.linkonce.r*)

.rela.rodata
 *(.rela.rodata)
 *(.rela.rodata.*)
 *(.rela.gnu.linkonce.r*)

.rel.data
 *(.rel.data)
 *(.rel.data.*)
 *(.rel.gnu.linkonce.d*)

.rela.data
 *(.rela.data)
 *(.rela.data.*)
 *(.rela.gnu.linkonce.d*)

.rel.ctors
 *(.rel.ctors)

.rela.ctors
 *(.rela.ctors)

.rel.dtors
 *(.rel.dtors)

.rela.dtors
 *(.rela.dtors)

.rel.got
 *(.rel.got)

.rela.got
 *(.rela.got)

.rel.bss
 *(.rel.bss)

.rela.bss
 *(.rela.bss)

.rel.plt
 *(.rel.plt)

.rela.plt
 *(.rela.plt)

.text           0x00000000     0x2b0c
 *(.vectors)
 .vectors       0x00000000       0x68 C:/Program Files (x86)/Atmel/Studio/7.0/Packs/atmel/ATmega_DFP/1.6.364/gcc/dev/atmega328p/avr5/crtatmega328p.o
                0x00000000                __vector_default
                0x00000000                __vectors
 *(.vectors)
 *(.progmem.gcc*)
                0x00000068                . = ALIGN (0x2)
                0x00000068                __trampolines_start = .
 *(.trampolines)
 .trampolines   0x00000068        0x0 linker stubs
 *(.trampolines*)
                0x00000068                __trampolines_end = .
 *libprintf_flt.a:*(.progmem.data)
 *libc.a:*(.progmem.data)
 *(.progmem*)
 .progmem.data._ZL21tone_pin_to_timer_PGM
                0x00000068        0x1 Z:\Facultate\Anul 2\Semestrul 1\Proiect Individual\ArduinoSketch2\ArduinoSketch2\ArduinoCore\Release\libArduinoCore.a(Tone.o)
 .progmem.data.digital_pin_to_timer_PGM
                0x00000069       0x14 Z:\Facultate\Anul 2\Semestrul 1\Proiect Individual\ArduinoSketch2\ArduinoSketch2\ArduinoCore\Release\libArduinoCore.a(wiring_digital.o)
                0x00000069                digital_pin_to_timer_PGM
 .progmem.data.digital_pin_to_bit_mask_PGM
                0x0000007d       0x14 Z:\Facultate\Anul 2\Semestrul 1\Proiect Individual\ArduinoSketch2\ArduinoSketch2\ArduinoCore\Release\libArduinoCore.a(wiring_digital.o)
                0x0000007d                digital_pin_to_bit_mask_PGM
 .progmem.data.digital_pin_to_port_PGM
                0x00000091       0x14 Z:\Facultate\Anul 2\Semestrul 1\Proiect Individual\ArduinoSketch2\ArduinoSketch2\ArduinoCore\Release\libArduinoCore.a(wiring_digital.o)
                0x00000091                digital_pin_to_port_PGM
 .progmem.data.port_to_input_PGM
                0x000000a5        0xa Z:\Facultate\Anul 2\Semestrul 1\Proiect Individual\ArduinoSketch2\ArduinoSketch2\ArduinoCore\Release\libArduinoCore.a(wiring_digital.o)
                0x000000a5                port_to_input_PGM
 .progmem.data.port_to_output_PGM
                0x000000af        0xa Z:\Facultate\Anul 2\Semestrul 1\Proiect Individual\ArduinoSketch2\ArduinoSketch2\ArduinoCore\Release\libArduinoCore.a(wiring_digital.o)
                0x000000af                port_to_output_PGM
 .progmem.data.port_to_mode_PGM
                0x000000b9        0xa Z:\Facultate\Anul 2\Semestrul 1\Proiect Individual\ArduinoSketch2\ArduinoSketch2\ArduinoCore\Release\libArduinoCore.a(wiring_digital.o)
                0x000000b9                port_to_mode_PGM
                0x000000c4                . = ALIGN (0x2)
 *fill*         0x000000c3        0x1 
 *(.jumptables)
 *(.jumptables*)
 *(.lowtext)
 *(.lowtext*)
                0x000000c4                __ctors_start = .
 *(.ctors)
 .ctors         0x000000c4        0x2 main.o
 .ctors         0x000000c6        0x2 Z:\Facultate\Anul 2\Semestrul 1\Proiect Individual\ArduinoSketch2\ArduinoSketch2\ArduinoCore\Release\libArduinoCore.a(HardwareSerial0.o)
                0x000000c8                __ctors_end = .
                0x000000c8                __dtors_start = .
 *(.dtors)
                0x000000c8                __dtors_end = .
 SORT(*)(.ctors)
 SORT(*)(.dtors)
 *(.init0)
 .init0         0x000000c8        0x0 C:/Program Files (x86)/Atmel/Studio/7.0/Packs/atmel/ATmega_DFP/1.6.364/gcc/dev/atmega328p/avr5/crtatmega328p.o
                0x000000c8                __init
 *(.init0)
 *(.init1)
 *(.init1)
 *(.init2)
 .init2         0x000000c8        0xc C:/Program Files (x86)/Atmel/Studio/7.0/Packs/atmel/ATmega_DFP/1.6.364/gcc/dev/atmega328p/avr5/crtatmega328p.o
 *(.init2)
 *(.init3)
 *(.init3)
 *(.init4)
 .init4         0x000000d4       0x16 c:/program files (x86)/atmel/studio/7.0/toolchain/avr8/avr8-gnu-toolchain/bin/../lib/gcc/avr/5.4.0/avr5\libgcc.a(_copy_data.o)
                0x000000d4                __do_copy_data
 .init4         0x000000ea       0x10 c:/program files (x86)/atmel/studio/7.0/toolchain/avr8/avr8-gnu-toolchain/bin/../lib/gcc/avr/5.4.0/avr5\libgcc.a(_clear_bss.o)
                0x000000ea                __do_clear_bss
 *(.init4)
 *(.init5)
 *(.init5)
 *(.init6)
 .init6         0x000000fa       0x16 c:/program files (x86)/atmel/studio/7.0/toolchain/avr8/avr8-gnu-toolchain/bin/../lib/gcc/avr/5.4.0/avr5\libgcc.a(_ctors.o)
                0x000000fa                __do_global_ctors
 *(.init6)
 *(.init7)
 *(.init7)
 *(.init8)
 *(.init8)
 *(.init9)
 .init9         0x00000110        0x8 C:/Program Files (x86)/Atmel/Studio/7.0/Packs/atmel/ATmega_DFP/1.6.364/gcc/dev/atmega328p/avr5/crtatmega328p.o
 *(.init9)
 *(.text)
 .text          0x00000118        0x4 C:/Program Files (x86)/Atmel/Studio/7.0/Packs/atmel/ATmega_DFP/1.6.364/gcc/dev/atmega328p/avr5/crtatmega328p.o
                0x00000118                __vector_22
                0x00000118                __vector_1
                0x00000118                __vector_24
                0x00000118                __vector_12
                0x00000118                __bad_interrupt
                0x00000118                __vector_6
                0x00000118                __vector_3
                0x00000118                __vector_23
                0x00000118                __vector_25
                0x00000118                __vector_11
                0x00000118                __vector_13
                0x00000118                __vector_17
                0x00000118                __vector_5
                0x00000118                __vector_4
                0x00000118                __vector_9
                0x00000118                __vector_2
                0x00000118                __vector_21
                0x00000118                __vector_15
                0x00000118                __vector_14
                0x00000118                __vector_10
                0x00000118                __vector_20
                0x0000011c                . = ALIGN (0x2)
 *(.text.*)
 .text._ZN13Motor_ControlC2Etttttt
                0x0000011c       0x34 Modules/Actuators/MotorControl/Motor_Control.o
                0x0000011c                _ZN13Motor_ControlC2Etttttt
                0x0000011c                _ZN13Motor_ControlC1Etttttt
 .text._Z21timerConfigForReceivev
                0x00000150       0x1a main.o
                0x00000150                _Z21timerConfigForReceivev
 .text._Z14setLEDFeedbackhb
                0x0000016a       0x1a main.o
                0x0000016a                _Z14setLEDFeedbackhb
 .text._Z14setFeedbackLEDb
                0x00000184       0x2c main.o
                0x00000184                _Z14setFeedbackLEDb
 .text._ZN6IRrecv13setReceivePinEh
                0x000001b0       0x3a main.o
                0x000001b0                _ZN6IRrecv13setReceivePinEh
 .text._ZN6IRrecvC2Ev
                0x000001ea       0x1a main.o
                0x000001ea                _ZN6IRrecvC2Ev
                0x000001ea                _ZN6IRrecvC1Ev
 .text._ZN6IRrecv6resumeEv
                0x00000204        0xe main.o
                0x00000204                _ZN6IRrecv6resumeEv
 .text._ZN6IRrecv10enableIRInEv
                0x00000212       0x28 main.o
                0x00000212                _ZN6IRrecv10enableIRInEv
 .text._ZN6IRrecv5beginEhbh
                0x0000023a       0x28 main.o
                0x0000023a                _ZN6IRrecv5beginEhbh
 .text._ZN6IRrecv17initDecodedIRDataEv
                0x00000262       0x56 main.o
                0x00000262                _ZN6IRrecv17initDecodedIRDataEv
 .text._ZN6IRrecv7compareEjj
                0x000002b8       0x44 main.o
                0x000002b8                _ZN6IRrecv7compareEjj
 .text._ZN6IRrecv10decodeHashEv
                0x000002fc       0xba main.o
                0x000002fc                _ZN6IRrecv10decodeHashEv
 .text._Z10matchTicksjj
                0x000003b6       0x2e main.o
                0x000003b6                _Z10matchTicksjj
 .text._ZN6IRrecv15getBiphaselevelEv
                0x000003e4       0xe0 main.o
                0x000003e4                _ZN6IRrecv15getBiphaselevelEv
 .text._Z9matchMarkjj
                0x000004c4       0x32 main.o
                0x000004c4                _Z9matchMarkjj
 .text._Z10matchSpacejj
                0x000004f6       0x32 main.o
                0x000004f6                _Z10matchSpacejj
 .text._ZN6IRrecv20decodePulseWidthDataEhhjjjb
                0x00000528      0x1b8 main.o
                0x00000528                _ZN6IRrecv20decodePulseWidthDataEhhjjjb
 .text._ZN6IRrecv23decodePulseDistanceDataEhhjjjb
                0x000006e0      0x16c main.o
                0x000006e0                _ZN6IRrecv23decodePulseDistanceDataEhhjjjb
 .text.__vector_8
                0x0000084c      0x150 main.o
                0x0000084c                __vector_8
 .text._ZN6IRrecv14decodeBoseWaveEv
                0x0000099c       0xb2 main.o
                0x0000099c                _ZN6IRrecv14decodeBoseWaveEv
 .text._ZN6IRrecv11decodeDenonEv
                0x00000a4e       0xec main.o
                0x00000a4e                _ZN6IRrecv11decodeDenonEv
 .text._Z20aggregateArrayCountsPhhS_S_
                0x00000b3a       0x86 main.o
                0x00000b3a                _Z20aggregateArrayCountsPhhS_S_
 .text._ZN6IRrecv14decodeDistanceEv
                0x00000bc0      0x246 main.o
                0x00000bc0                _ZN6IRrecv14decodeDistanceEv
 .text._ZN6IRrecv9decodeJVCEv
                0x00000e06       0xe4 main.o
                0x00000e06                _ZN6IRrecv9decodeJVCEv
 .text._ZN6IRrecv14decodeKaseikyoEv
                0x00000eea      0x180 main.o
                0x00000eea                _ZN6IRrecv14decodeKaseikyoEv
 .text._ZN6IRrecv24decodeLegoPowerFunctionsEv
                0x0000106a       0xec main.o
                0x0000106a                _ZN6IRrecv24decodeLegoPowerFunctionsEv
 .text._ZN6IRrecv8decodeLGEv
                0x00001156      0x14e main.o
                0x00001156                _ZN6IRrecv8decodeLGEv
 .text._ZN6IRrecv15decodeMagiQuestEv
                0x000012a4      0x11a main.o
                0x000012a4                _ZN6IRrecv15decodeMagiQuestEv
 .text._ZN6IRrecv9decodeNECEv
                0x000013be      0x110 main.o
                0x000013be                _ZN6IRrecv9decodeNECEv
 .text._ZN6IRrecv9decodeRC5Ev
                0x000014ce       0xfa main.o
                0x000014ce                _ZN6IRrecv9decodeRC5Ev
 .text._ZN6IRrecv9decodeRC6Ev
                0x000015c8      0x15a main.o
                0x000015c8                _ZN6IRrecv9decodeRC6Ev
 .text._ZN6IRrecv13decodeSamsungEv
                0x00001722      0x10c main.o
                0x00001722                _ZN6IRrecv13decodeSamsungEv
 .text._ZN6IRrecv10decodeSonyEv
                0x0000182e       0xd6 main.o
                0x0000182e                _ZN6IRrecv10decodeSonyEv
 .text._ZN6IRrecv13decodeWhynterEv
                0x00001904       0x98 main.o
                0x00001904                _ZN6IRrecv13decodeWhynterEv
 .text._ZN6IRrecv6decodeEv
                0x0000199c       0xbc main.o
                0x0000199c                _ZN6IRrecv6decodeEv
 .text._Z7forwardv
                0x00001a58       0x4c main.o
                0x00001a58                _Z7forwardv
 .text._Z4backv
                0x00001aa4       0x4c main.o
                0x00001aa4                _Z4backv
 .text._Z4leftv
                0x00001af0       0x40 main.o
                0x00001af0                _Z4leftv
 .text._Z5rightv
                0x00001b30       0x40 main.o
                0x00001b30                _Z5rightv
 .text._Z4Stopv
                0x00001b70       0x40 main.o
                0x00001b70                _Z4Stopv
 .text.setup    0x00001bb0      0x124 main.o
                0x00001bb0                setup
 .text.loop     0x00001cd4       0x88 main.o
                0x00001cd4                loop
 .text.startup._GLOBAL__sub_I__Z18timerConfigForSendh
                0x00001d5c       0x66 main.o
 .text._ZN14HardwareSerial9availableEv
                0x00001dc2       0x18 Z:\Facultate\Anul 2\Semestrul 1\Proiect Individual\ArduinoSketch2\ArduinoSketch2\ArduinoCore\Release\libArduinoCore.a(HardwareSerial.o)
                0x00001dc2                _ZN14HardwareSerial9availableEv
 .text._ZN14HardwareSerial4peekEv
                0x00001dda       0x1c Z:\Facultate\Anul 2\Semestrul 1\Proiect Individual\ArduinoSketch2\ArduinoSketch2\ArduinoCore\Release\libArduinoCore.a(HardwareSerial.o)
                0x00001dda                _ZN14HardwareSerial4peekEv
 .text._ZN14HardwareSerial4readEv
                0x00001df6       0x28 Z:\Facultate\Anul 2\Semestrul 1\Proiect Individual\ArduinoSketch2\ArduinoSketch2\ArduinoCore\Release\libArduinoCore.a(HardwareSerial.o)
                0x00001df6                _ZN14HardwareSerial4readEv
 .text._ZN14HardwareSerial17availableForWriteEv
                0x00001e1e       0x1e Z:\Facultate\Anul 2\Semestrul 1\Proiect Individual\ArduinoSketch2\ArduinoSketch2\ArduinoCore\Release\libArduinoCore.a(HardwareSerial.o)
                0x00001e1e                _ZN14HardwareSerial17availableForWriteEv
 .text._Z14serialEventRunv
                0x00001e3c       0x1c Z:\Facultate\Anul 2\Semestrul 1\Proiect Individual\ArduinoSketch2\ArduinoSketch2\ArduinoCore\Release\libArduinoCore.a(HardwareSerial.o)
                0x00001e3c                _Z14serialEventRunv
 .text._ZN14HardwareSerial17_tx_udr_empty_irqEv
                0x00001e58       0x44 Z:\Facultate\Anul 2\Semestrul 1\Proiect Individual\ArduinoSketch2\ArduinoSketch2\ArduinoCore\Release\libArduinoCore.a(HardwareSerial.o)
                0x00001e58                _ZN14HardwareSerial17_tx_udr_empty_irqEv
 .text._ZN14HardwareSerial5writeEh
                0x00001e9c       0x9a Z:\Facultate\Anul 2\Semestrul 1\Proiect Individual\ArduinoSketch2\ArduinoSketch2\ArduinoCore\Release\libArduinoCore.a(HardwareSerial.o)
                0x00001e9c                _ZN14HardwareSerial5writeEh
 .text._ZN14HardwareSerial5flushEv
                0x00001f36       0x44 Z:\Facultate\Anul 2\Semestrul 1\Proiect Individual\ArduinoSketch2\ArduinoSketch2\ArduinoCore\Release\libArduinoCore.a(HardwareSerial.o)
                0x00001f36                _ZN14HardwareSerial5flushEv
 .text._ZN14HardwareSerial5beginEmh
                0x00001f7a       0xca Z:\Facultate\Anul 2\Semestrul 1\Proiect Individual\ArduinoSketch2\ArduinoSketch2\ArduinoCore\Release\libArduinoCore.a(HardwareSerial.o)
                0x00001f7a                _ZN14HardwareSerial5beginEmh
 .text.__vector_18
                0x00002044       0x64 Z:\Facultate\Anul 2\Semestrul 1\Proiect Individual\ArduinoSketch2\ArduinoSketch2\ArduinoCore\Release\libArduinoCore.a(HardwareSerial0.o)
                0x00002044                __vector_18
 .text.__vector_19
                0x000020a8       0x4c Z:\Facultate\Anul 2\Semestrul 1\Proiect Individual\ArduinoSketch2\ArduinoSketch2\ArduinoCore\Release\libArduinoCore.a(HardwareSerial0.o)
                0x000020a8                __vector_19
 .text._Z17Serial0_availablev
                0x000020f4       0x14 Z:\Facultate\Anul 2\Semestrul 1\Proiect Individual\ArduinoSketch2\ArduinoSketch2\ArduinoCore\Release\libArduinoCore.a(HardwareSerial0.o)
                0x000020f4                _Z17Serial0_availablev
 .text.startup._GLOBAL__sub_I___vector_18
                0x00002108       0x5a Z:\Facultate\Anul 2\Semestrul 1\Proiect Individual\ArduinoSketch2\ArduinoSketch2\ArduinoCore\Release\libArduinoCore.a(HardwareSerial0.o)
 .text.initVariant
                0x00002162        0x2 Z:\Facultate\Anul 2\Semestrul 1\Proiect Individual\ArduinoSketch2\ArduinoSketch2\ArduinoCore\Release\libArduinoCore.a(main.o)
                0x00002162                initVariant
 .text.startup.main
                0x00002164       0x1e Z:\Facultate\Anul 2\Semestrul 1\Proiect Individual\ArduinoSketch2\ArduinoSketch2\ArduinoCore\Release\libArduinoCore.a(main.o)
                0x00002164                main
 .text._Znwj    0x00002182        0x4 Z:\Facultate\Anul 2\Semestrul 1\Proiect Individual\ArduinoSketch2\ArduinoSketch2\ArduinoCore\Release\libArduinoCore.a(new.o)
                0x00002182                _Znwj
 .text._ZN5Print5writeEPKhj
                0x00002186       0x54 Z:\Facultate\Anul 2\Semestrul 1\Proiect Individual\ArduinoSketch2\ArduinoSketch2\ArduinoCore\Release\libArduinoCore.a(Print.o)
                0x00002186                _ZN5Print5writeEPKhj
 .text._ZN5Print5writeEPKc
                0x000021da       0x2a Z:\Facultate\Anul 2\Semestrul 1\Proiect Individual\ArduinoSketch2\ArduinoSketch2\ArduinoCore\Release\libArduinoCore.a(Print.o)
                0x000021da                _ZN5Print5writeEPKc
 .text._ZN5Print5printEPKc
                0x00002204        0x4 Z:\Facultate\Anul 2\Semestrul 1\Proiect Individual\ArduinoSketch2\ArduinoSketch2\ArduinoCore\Release\libArduinoCore.a(Print.o)
                0x00002204                _ZN5Print5printEPKc
 .text._ZN5Print5printEc
                0x00002208        0xe Z:\Facultate\Anul 2\Semestrul 1\Proiect Individual\ArduinoSketch2\ArduinoSketch2\ArduinoCore\Release\libArduinoCore.a(Print.o)
                0x00002208                _ZN5Print5printEc
 .text._ZN5Print7printlnEv
                0x00002216        0x8 Z:\Facultate\Anul 2\Semestrul 1\Proiect Individual\ArduinoSketch2\ArduinoSketch2\ArduinoCore\Release\libArduinoCore.a(Print.o)
                0x00002216                _ZN5Print7printlnEv
 .text._ZN5Print11printNumberEmh
                0x0000221e       0x92 Z:\Facultate\Anul 2\Semestrul 1\Proiect Individual\ArduinoSketch2\ArduinoSketch2\ArduinoCore\Release\libArduinoCore.a(Print.o)
                0x0000221e                _ZN5Print11printNumberEmh
 .text._ZN5Print5printEmi
                0x000022b0       0x1a Z:\Facultate\Anul 2\Semestrul 1\Proiect Individual\ArduinoSketch2\ArduinoSketch2\ArduinoCore\Release\libArduinoCore.a(Print.o)
                0x000022b0                _ZN5Print5printEmi
 .text._ZN5Print7printlnEmi
                0x000022ca       0x24 Z:\Facultate\Anul 2\Semestrul 1\Proiect Individual\ArduinoSketch2\ArduinoSketch2\ArduinoCore\Release\libArduinoCore.a(Print.o)
                0x000022ca                _ZN5Print7printlnEmi
 .text._ZN5Print5printEli
                0x000022ee       0x90 Z:\Facultate\Anul 2\Semestrul 1\Proiect Individual\ArduinoSketch2\ArduinoSketch2\ArduinoCore\Release\libArduinoCore.a(Print.o)
                0x000022ee                _ZN5Print5printEli
 .text._ZN5Print5printEii
                0x0000237e        0xe Z:\Facultate\Anul 2\Semestrul 1\Proiect Individual\ArduinoSketch2\ArduinoSketch2\ArduinoCore\Release\libArduinoCore.a(Print.o)
                0x0000237e                _ZN5Print5printEii
 .text._ZN5Print7printlnEii
                0x0000238c       0x24 Z:\Facultate\Anul 2\Semestrul 1\Proiect Individual\ArduinoSketch2\ArduinoSketch2\ArduinoCore\Release\libArduinoCore.a(Print.o)
                0x0000238c                _ZN5Print7printlnEii
 .text._Z12disableTimerh
                0x000023b0       0x40 Z:\Facultate\Anul 2\Semestrul 1\Proiect Individual\ArduinoSketch2\ArduinoSketch2\ArduinoCore\Release\libArduinoCore.a(Tone.o)
                0x000023b0                _Z12disableTimerh
 .text._Z6noToneh
                0x000023f0       0x2a Z:\Facultate\Anul 2\Semestrul 1\Proiect Individual\ArduinoSketch2\ArduinoSketch2\ArduinoCore\Release\libArduinoCore.a(Tone.o)
                0x000023f0                _Z6noToneh
 .text.__vector_7
                0x0000241a       0xb8 Z:\Facultate\Anul 2\Semestrul 1\Proiect Individual\ArduinoSketch2\ArduinoSketch2\ArduinoCore\Release\libArduinoCore.a(Tone.o)
                0x0000241a                __vector_7
 .text.__vector_16
                0x000024d2       0x94 Z:\Facultate\Anul 2\Semestrul 1\Proiect Individual\ArduinoSketch2\ArduinoSketch2\ArduinoCore\Release\libArduinoCore.a(wiring.o)
                0x000024d2                __vector_16
 .text.micros   0x00002566       0x4a Z:\Facultate\Anul 2\Semestrul 1\Proiect Individual\ArduinoSketch2\ArduinoSketch2\ArduinoCore\Release\libArduinoCore.a(wiring.o)
                0x00002566                micros
 .text.delay    0x000025b0       0x78 Z:\Facultate\Anul 2\Semestrul 1\Proiect Individual\ArduinoSketch2\ArduinoSketch2\ArduinoCore\Release\libArduinoCore.a(wiring.o)
                0x000025b0                delay
 .text.init     0x00002628       0x76 Z:\Facultate\Anul 2\Semestrul 1\Proiect Individual\ArduinoSketch2\ArduinoSketch2\ArduinoCore\Release\libArduinoCore.a(wiring.o)
                0x00002628                init
 .text.turnOffPWM
                0x0000269e       0x52 Z:\Facultate\Anul 2\Semestrul 1\Proiect Individual\ArduinoSketch2\ArduinoSketch2\ArduinoCore\Release\libArduinoCore.a(wiring_digital.o)
 .text.pinMode  0x000026f0       0x78 Z:\Facultate\Anul 2\Semestrul 1\Proiect Individual\ArduinoSketch2\ArduinoSketch2\ArduinoCore\Release\libArduinoCore.a(wiring_digital.o)
                0x000026f0                pinMode
 .text.digitalWrite
                0x00002768       0x5e Z:\Facultate\Anul 2\Semestrul 1\Proiect Individual\ArduinoSketch2\ArduinoSketch2\ArduinoCore\Release\libArduinoCore.a(wiring_digital.o)
                0x00002768                digitalWrite
 .text.__empty  0x000027c6        0x2 Z:\Facultate\Anul 2\Semestrul 1\Proiect Individual\ArduinoSketch2\ArduinoSketch2\ArduinoCore\Release\libArduinoCore.a(hooks.o)
                0x000027c6                yield
 .text.libgcc.mul
                0x000027c8       0x20 c:/program files (x86)/atmel/studio/7.0/toolchain/avr8/avr8-gnu-toolchain/bin/../lib/gcc/avr/5.4.0/avr5\libgcc.a(_mulsi3.o)
                0x000027c8                __mulsi3
 .text.libgcc.div
                0x000027e8       0x28 c:/program files (x86)/atmel/studio/7.0/toolchain/avr8/avr8-gnu-toolchain/bin/../lib/gcc/avr/5.4.0/avr5\libgcc.a(_udivmodhi4.o)
                0x000027e8                __udivmodhi4
 .text.libgcc.div
                0x00002810       0x44 c:/program files (x86)/atmel/studio/7.0/toolchain/avr8/avr8-gnu-toolchain/bin/../lib/gcc/avr/5.4.0/avr5\libgcc.a(_udivmodsi4.o)
                0x00002810                __udivmodsi4
 .text.libgcc.mul
                0x00002854       0x1e c:/program files (x86)/atmel/studio/7.0/toolchain/avr8/avr8-gnu-toolchain/bin/../lib/gcc/avr/5.4.0/avr5\libgcc.a(_umulhisi3.o)
                0x00002854                __umulhisi3
 .text.libgcc.mul
                0x00002872       0x16 c:/program files (x86)/atmel/studio/7.0/toolchain/avr8/avr8-gnu-toolchain/bin/../lib/gcc/avr/5.4.0/avr5\libgcc.a(_muluhisi3.o)
                0x00002872                __muluhisi3
 .text.libgcc.builtins
                0x00002888       0x32 c:/program files (x86)/atmel/studio/7.0/toolchain/avr8/avr8-gnu-toolchain/bin/../lib/gcc/avr/5.4.0/avr5\libgcc.a(_ashldi3.o)
                0x00002888                __ashldi3
 .text.libgcc   0x000028ba        0xc c:/program files (x86)/atmel/studio/7.0/toolchain/avr8/avr8-gnu-toolchain/bin/../lib/gcc/avr/5.4.0/avr5\libgcc.a(_tablejump2.o)
                0x000028ba                __tablejump2__
 .text.avr-libc
                0x000028c6      0x242 c:/program files (x86)/atmel/studio/7.0/toolchain/avr8/avr8-gnu-toolchain/bin/../lib/gcc/avr/5.4.0/../../../../avr/lib/avr5\libc.a(malloc.o)
                0x000028c6                malloc
                0x000029f6                free
                0x00002b08                . = ALIGN (0x2)
 *(.fini9)
 .fini9         0x00002b08        0x0 c:/program files (x86)/atmel/studio/7.0/toolchain/avr8/avr8-gnu-toolchain/bin/../lib/gcc/avr/5.4.0/avr5\libgcc.a(_exit.o)
                0x00002b08                _exit
                0x00002b08                exit
 *(.fini9)
 *(.fini8)
 *(.fini8)
 *(.fini7)
 *(.fini7)
 *(.fini6)
 *(.fini6)
 *(.fini5)
 *(.fini5)
 *(.fini4)
 *(.fini4)
 *(.fini3)
 *(.fini3)
 *(.fini2)
 *(.fini2)
 *(.fini1)
 *(.fini1)
 *(.fini0)
 .fini0         0x00002b08        0x4 c:/program files (x86)/atmel/studio/7.0/toolchain/avr8/avr8-gnu-toolchain/bin/../lib/gcc/avr/5.4.0/avr5\libgcc.a(_exit.o)
 *(.fini0)
                0x00002b0c                _etext = .

.data           0x00800100      0x244 load address 0x00002b0c
                0x00800100                PROVIDE (__data_start, .)
 *(.data)
 .data          0x00800100        0x6 c:/program files (x86)/atmel/studio/7.0/toolchain/avr8/avr8-gnu-toolchain/bin/../lib/gcc/avr/5.4.0/../../../../avr/lib/avr5\libc.a(malloc.o)
                0x00800100                __malloc_heap_end
                0x00800102                __malloc_heap_start
                0x00800104                __malloc_margin
 *(.data*)
 .data.RESET_PIN
                0x00800106        0x2 main.o
                0x00800106                RESET_PIN
 .data._ZL9tone_pins
                0x00800108        0x1 Z:\Facultate\Anul 2\Semestrul 1\Proiect Individual\ArduinoSketch2\ArduinoSketch2\ArduinoCore\Release\libArduinoCore.a(Tone.o)
 *(.gnu.linkonce.d*)
 *(.rodata)
 *(.rodata*)
 .rodata.str1.1
                0x00800109      0x21a main.o
                                0x21b (size before relaxing)
 .rodata._ZTV14HardwareSerial
                0x00800323       0x12 Z:\Facultate\Anul 2\Semestrul 1\Proiect Individual\ArduinoSketch2\ArduinoSketch2\ArduinoCore\Release\libArduinoCore.a(HardwareSerial.o)
                0x00800323                _ZTV14HardwareSerial
 .rodata.str1.1
                0x00800335        0xf Z:\Facultate\Anul 2\Semestrul 1\Proiect Individual\ArduinoSketch2\ArduinoSketch2\ArduinoCore\Release\libArduinoCore.a(Print.o)
 *(.gnu.linkonce.r*)
                0x00800344                . = ALIGN (0x2)
                0x00800344                _edata = .
                0x00800344                PROVIDE (__data_end, .)

.bss            0x00800344      0x1be
                0x00800344                PROVIDE (__bss_start, .)
 *(.bss)
 *(.bss*)
 .bss.MotorControl
                0x00800344        0x2 main.o
                0x00800344                MotorControl
 .bss.sBiphaseTimeUnit
                0x00800346        0x2 main.o
                0x00800346                sBiphaseTimeUnit
 .bss.sUsedTimingIntervals
                0x00800348        0x1 main.o
                0x00800348                sUsedTimingIntervals
 .bss.sCurrentTimingIntervals
                0x00800349        0x2 main.o
                0x00800349                sCurrentTimingIntervals
 .bss.sBiphaseDecodeRawbuffOffset
                0x0080034b        0x1 main.o
                0x0080034b                sBiphaseDecodeRawbuffOffset
 .bss.irparams  0x0080034c       0xe9 main.o
                0x0080034c                irparams
 .bss.IrReceiver
                0x00800435       0x1a main.o
                0x00800435                IrReceiver
 .bss.FeedbackLEDControl
                0x0080044f        0x2 main.o
                0x0080044f                FeedbackLEDControl
 .bss.Serial    0x00800451       0x9d Z:\Facultate\Anul 2\Semestrul 1\Proiect Individual\ArduinoSketch2\ArduinoSketch2\ArduinoCore\Release\libArduinoCore.a(HardwareSerial0.o)
                0x00800451                Serial
 .bss.timer2_pin_mask
                0x008004ee        0x1 Z:\Facultate\Anul 2\Semestrul 1\Proiect Individual\ArduinoSketch2\ArduinoSketch2\ArduinoCore\Release\libArduinoCore.a(Tone.o)
                0x008004ee                timer2_pin_mask
 .bss.timer2_pin_port
                0x008004ef        0x2 Z:\Facultate\Anul 2\Semestrul 1\Proiect Individual\ArduinoSketch2\ArduinoSketch2\ArduinoCore\Release\libArduinoCore.a(Tone.o)
                0x008004ef                timer2_pin_port
 .bss.timer2_toggle_count
                0x008004f1        0x4 Z:\Facultate\Anul 2\Semestrul 1\Proiect Individual\ArduinoSketch2\ArduinoSketch2\ArduinoCore\Release\libArduinoCore.a(Tone.o)
                0x008004f1                timer2_toggle_count
 .bss.timer0_fract
                0x008004f5        0x1 Z:\Facultate\Anul 2\Semestrul 1\Proiect Individual\ArduinoSketch2\ArduinoSketch2\ArduinoCore\Release\libArduinoCore.a(wiring.o)
 .bss.timer0_millis
                0x008004f6        0x4 Z:\Facultate\Anul 2\Semestrul 1\Proiect Individual\ArduinoSketch2\ArduinoSketch2\ArduinoCore\Release\libArduinoCore.a(wiring.o)
                0x008004f6                timer0_millis
 .bss.timer0_overflow_count
                0x008004fa        0x4 Z:\Facultate\Anul 2\Semestrul 1\Proiect Individual\ArduinoSketch2\ArduinoSketch2\ArduinoCore\Release\libArduinoCore.a(wiring.o)
                0x008004fa                timer0_overflow_count
 *(COMMON)
 COMMON         0x008004fe        0x4 c:/program files (x86)/atmel/studio/7.0/toolchain/avr8/avr8-gnu-toolchain/bin/../lib/gcc/avr/5.4.0/../../../../avr/lib/avr5\libc.a(malloc.o)
                0x008004fe                __brkval
                0x00800500                __flp
                0x00800502                PROVIDE (__bss_end, .)
                0x00002b0c                __data_load_start = LOADADDR (.data)
                0x00002d50                __data_load_end = (__data_load_start + SIZEOF (.data))

.noinit         0x00800502        0x0
                [!provide]                PROVIDE (__noinit_start, .)
 *(.noinit*)
                [!provide]                PROVIDE (__noinit_end, .)
                0x00800502                _end = .
                0x00800502                PROVIDE (__heap_start, .)

.eeprom         0x00810000        0x0
 *(.eeprom*)
                0x00810000                __eeprom_end = .

.fuse
 *(.fuse)
 *(.lfuse)
 *(.hfuse)
 *(.efuse)

.lock
 *(.lock*)

.signature
 *(.signature*)

.user_signatures
 *(.user_signatures*)

.stab
 *(.stab)

.stabstr
 *(.stabstr)

.stab.excl
 *(.stab.excl)

.stab.exclstr
 *(.stab.exclstr)

.stab.index
 *(.stab.index)

.stab.indexstr
 *(.stab.indexstr)

.comment        0x00000000       0x30
 *(.comment)
 .comment       0x00000000       0x30 Modules/Actuators/MotorControl/Motor_Control.o
                                 0x31 (size before relaxing)
 .comment       0x00000030       0x31 main.o
 .comment       0x00000030       0x31 Z:\Facultate\Anul 2\Semestrul 1\Proiect Individual\ArduinoSketch2\ArduinoSketch2\ArduinoCore\Release\libArduinoCore.a(HardwareSerial.o)
 .comment       0x00000030       0x31 Z:\Facultate\Anul 2\Semestrul 1\Proiect Individual\ArduinoSketch2\ArduinoSketch2\ArduinoCore\Release\libArduinoCore.a(HardwareSerial0.o)
 .comment       0x00000030       0x31 Z:\Facultate\Anul 2\Semestrul 1\Proiect Individual\ArduinoSketch2\ArduinoSketch2\ArduinoCore\Release\libArduinoCore.a(main.o)
 .comment       0x00000030       0x31 Z:\Facultate\Anul 2\Semestrul 1\Proiect Individual\ArduinoSketch2\ArduinoSketch2\ArduinoCore\Release\libArduinoCore.a(new.o)
 .comment       0x00000030       0x31 Z:\Facultate\Anul 2\Semestrul 1\Proiect Individual\ArduinoSketch2\ArduinoSketch2\ArduinoCore\Release\libArduinoCore.a(Print.o)
 .comment       0x00000030       0x31 Z:\Facultate\Anul 2\Semestrul 1\Proiect Individual\ArduinoSketch2\ArduinoSketch2\ArduinoCore\Release\libArduinoCore.a(Tone.o)
 .comment       0x00000030       0x31 Z:\Facultate\Anul 2\Semestrul 1\Proiect Individual\ArduinoSketch2\ArduinoSketch2\ArduinoCore\Release\libArduinoCore.a(wiring.o)
 .comment       0x00000030       0x31 Z:\Facultate\Anul 2\Semestrul 1\Proiect Individual\ArduinoSketch2\ArduinoSketch2\ArduinoCore\Release\libArduinoCore.a(wiring_digital.o)
 .comment       0x00000030       0x31 Z:\Facultate\Anul 2\Semestrul 1\Proiect Individual\ArduinoSketch2\ArduinoSketch2\ArduinoCore\Release\libArduinoCore.a(hooks.o)
 .comment       0x00000030       0x31 c:/program files (x86)/atmel/studio/7.0/toolchain/avr8/avr8-gnu-toolchain/bin/../lib/gcc/avr/5.4.0/../../../../avr/lib/avr5\libc.a(malloc.o)

.note.gnu.avr.deviceinfo
                0x00000000       0x40
 .note.gnu.avr.deviceinfo
                0x00000000       0x40 C:/Program Files (x86)/Atmel/Studio/7.0/Packs/atmel/ATmega_DFP/1.6.364/gcc/dev/atmega328p/avr5/crtatmega328p.o

.note.gnu.build-id
 *(.note.gnu.build-id)

.debug
 *(.debug)

.line
 *(.line)

.debug_srcinfo
 *(.debug_srcinfo)

.debug_sfnames
 *(.debug_sfnames)

.debug_aranges  0x00000000      0x7e0
 *(.debug_aranges)
 .debug_aranges
                0x00000000       0x30 Modules/Actuators/MotorControl/Motor_Control.o
 .debug_aranges
                0x00000030      0x4c8 main.o
 .debug_aranges
                0x000004f8       0x68 Z:\Facultate\Anul 2\Semestrul 1\Proiect Individual\ArduinoSketch2\ArduinoSketch2\ArduinoCore\Release\libArduinoCore.a(HardwareSerial.o)
 .debug_aranges
                0x00000560       0x48 Z:\Facultate\Anul 2\Semestrul 1\Proiect Individual\ArduinoSketch2\ArduinoSketch2\ArduinoCore\Release\libArduinoCore.a(HardwareSerial0.o)
 .debug_aranges
                0x000005a8       0x30 Z:\Facultate\Anul 2\Semestrul 1\Proiect Individual\ArduinoSketch2\ArduinoSketch2\ArduinoCore\Release\libArduinoCore.a(main.o)
 .debug_aranges
                0x000005d8       0x30 Z:\Facultate\Anul 2\Semestrul 1\Proiect Individual\ArduinoSketch2\ArduinoSketch2\ArduinoCore\Release\libArduinoCore.a(new.o)
 .debug_aranges
                0x00000608      0x100 Z:\Facultate\Anul 2\Semestrul 1\Proiect Individual\ArduinoSketch2\ArduinoSketch2\ArduinoCore\Release\libArduinoCore.a(Print.o)
 .debug_aranges
                0x00000708       0x38 Z:\Facultate\Anul 2\Semestrul 1\Proiect Individual\ArduinoSketch2\ArduinoSketch2\ArduinoCore\Release\libArduinoCore.a(Tone.o)
 .debug_aranges
                0x00000740       0x48 Z:\Facultate\Anul 2\Semestrul 1\Proiect Individual\ArduinoSketch2\ArduinoSketch2\ArduinoCore\Release\libArduinoCore.a(wiring.o)
 .debug_aranges
                0x00000788       0x38 Z:\Facultate\Anul 2\Semestrul 1\Proiect Individual\ArduinoSketch2\ArduinoSketch2\ArduinoCore\Release\libArduinoCore.a(wiring_digital.o)
 .debug_aranges
                0x000007c0       0x20 Z:\Facultate\Anul 2\Semestrul 1\Proiect Individual\ArduinoSketch2\ArduinoSketch2\ArduinoCore\Release\libArduinoCore.a(hooks.o)

.debug_pubnames
 *(.debug_pubnames)

.debug_info     0x00000000    0x148c6
 *(.debug_info .gnu.linkonce.wi.*)
 .debug_info    0x00000000      0x5f4 C:/Program Files (x86)/Atmel/Studio/7.0/Packs/atmel/ATmega_DFP/1.6.364/gcc/dev/atmega328p/avr5/crtatmega328p.o
 .debug_info    0x000005f4      0x2cf Modules/Actuators/MotorControl/Motor_Control.o
 .debug_info    0x000008c3     0xc842 main.o
 .debug_info    0x0000d105     0x1f64 Z:\Facultate\Anul 2\Semestrul 1\Proiect Individual\ArduinoSketch2\ArduinoSketch2\ArduinoCore\Release\libArduinoCore.a(HardwareSerial.o)
 .debug_info    0x0000f069     0x1b16 Z:\Facultate\Anul 2\Semestrul 1\Proiect Individual\ArduinoSketch2\ArduinoSketch2\ArduinoCore\Release\libArduinoCore.a(HardwareSerial0.o)
 .debug_info    0x00010b7f      0x237 Z:\Facultate\Anul 2\Semestrul 1\Proiect Individual\ArduinoSketch2\ArduinoSketch2\ArduinoCore\Release\libArduinoCore.a(main.o)
 .debug_info    0x00010db6      0x15f Z:\Facultate\Anul 2\Semestrul 1\Proiect Individual\ArduinoSketch2\ArduinoSketch2\ArduinoCore\Release\libArduinoCore.a(new.o)
 .debug_info    0x00010f15     0x28ff Z:\Facultate\Anul 2\Semestrul 1\Proiect Individual\ArduinoSketch2\ArduinoSketch2\ArduinoCore\Release\libArduinoCore.a(Print.o)
 .debug_info    0x00013814      0x7ab Z:\Facultate\Anul 2\Semestrul 1\Proiect Individual\ArduinoSketch2\ArduinoSketch2\ArduinoCore\Release\libArduinoCore.a(Tone.o)
 .debug_info    0x00013fbf      0x2cb Z:\Facultate\Anul 2\Semestrul 1\Proiect Individual\ArduinoSketch2\ArduinoSketch2\ArduinoCore\Release\libArduinoCore.a(wiring.o)
 .debug_info    0x0001428a      0x5fe Z:\Facultate\Anul 2\Semestrul 1\Proiect Individual\ArduinoSketch2\ArduinoSketch2\ArduinoCore\Release\libArduinoCore.a(wiring_digital.o)
 .debug_info    0x00014888       0x3e Z:\Facultate\Anul 2\Semestrul 1\Proiect Individual\ArduinoSketch2\ArduinoSketch2\ArduinoCore\Release\libArduinoCore.a(hooks.o)

.debug_abbrev   0x00000000     0x24c6
 *(.debug_abbrev)
 .debug_abbrev  0x00000000      0x5a2 C:/Program Files (x86)/Atmel/Studio/7.0/Packs/atmel/ATmega_DFP/1.6.364/gcc/dev/atmega328p/avr5/crtatmega328p.o
 .debug_abbrev  0x000005a2      0x12f Modules/Actuators/MotorControl/Motor_Control.o
 .debug_abbrev  0x000006d1      0x950 main.o
 .debug_abbrev  0x00001021      0x4b7 Z:\Facultate\Anul 2\Semestrul 1\Proiect Individual\ArduinoSketch2\ArduinoSketch2\ArduinoCore\Release\libArduinoCore.a(HardwareSerial.o)
 .debug_abbrev  0x000014d8      0x3ce Z:\Facultate\Anul 2\Semestrul 1\Proiect Individual\ArduinoSketch2\ArduinoSketch2\ArduinoCore\Release\libArduinoCore.a(HardwareSerial0.o)
 .debug_abbrev  0x000018a6      0x12d Z:\Facultate\Anul 2\Semestrul 1\Proiect Individual\ArduinoSketch2\ArduinoSketch2\ArduinoCore\Release\libArduinoCore.a(main.o)
 .debug_abbrev  0x000019d3      0x109 Z:\Facultate\Anul 2\Semestrul 1\Proiect Individual\ArduinoSketch2\ArduinoSketch2\ArduinoCore\Release\libArduinoCore.a(new.o)
 .debug_abbrev  0x00001adc      0x47a Z:\Facultate\Anul 2\Semestrul 1\Proiect Individual\ArduinoSketch2\ArduinoSketch2\ArduinoCore\Release\libArduinoCore.a(Print.o)
 .debug_abbrev  0x00001f56      0x2a5 Z:\Facultate\Anul 2\Semestrul 1\Proiect Individual\ArduinoSketch2\ArduinoSketch2\ArduinoCore\Release\libArduinoCore.a(Tone.o)
 .debug_abbrev  0x000021fb      0x146 Z:\Facultate\Anul 2\Semestrul 1\Proiect Individual\ArduinoSketch2\ArduinoSketch2\ArduinoCore\Release\libArduinoCore.a(wiring.o)
 .debug_abbrev  0x00002341      0x15b Z:\Facultate\Anul 2\Semestrul 1\Proiect Individual\ArduinoSketch2\ArduinoSketch2\ArduinoCore\Release\libArduinoCore.a(wiring_digital.o)
 .debug_abbrev  0x0000249c       0x2a Z:\Facultate\Anul 2\Semestrul 1\Proiect Individual\ArduinoSketch2\ArduinoSketch2\ArduinoCore\Release\libArduinoCore.a(hooks.o)

.debug_line     0x00000000     0x5626
 *(.debug_line .debug_line.* .debug_line_end)
 .debug_line    0x00000000      0x134 C:/Program Files (x86)/Atmel/Studio/7.0/Packs/atmel/ATmega_DFP/1.6.364/gcc/dev/atmega328p/avr5/crtatmega328p.o
 .debug_line    0x00000134       0xc4 Modules/Actuators/MotorControl/Motor_Control.o
 .debug_line    0x000001f8     0x3a8b main.o
 .debug_line    0x00003c83      0x4c4 Z:\Facultate\Anul 2\Semestrul 1\Proiect Individual\ArduinoSketch2\ArduinoSketch2\ArduinoCore\Release\libArduinoCore.a(HardwareSerial.o)
 .debug_line    0x00004147      0x28c Z:\Facultate\Anul 2\Semestrul 1\Proiect Individual\ArduinoSketch2\ArduinoSketch2\ArduinoCore\Release\libArduinoCore.a(HardwareSerial0.o)
 .debug_line    0x000043d3      0x165 Z:\Facultate\Anul 2\Semestrul 1\Proiect Individual\ArduinoSketch2\ArduinoSketch2\ArduinoCore\Release\libArduinoCore.a(main.o)
 .debug_line    0x00004538      0x145 Z:\Facultate\Anul 2\Semestrul 1\Proiect Individual\ArduinoSketch2\ArduinoSketch2\ArduinoCore\Release\libArduinoCore.a(new.o)
 .debug_line    0x0000467d      0x685 Z:\Facultate\Anul 2\Semestrul 1\Proiect Individual\ArduinoSketch2\ArduinoSketch2\ArduinoCore\Release\libArduinoCore.a(Print.o)
 .debug_line    0x00004d02      0x3f8 Z:\Facultate\Anul 2\Semestrul 1\Proiect Individual\ArduinoSketch2\ArduinoSketch2\ArduinoCore\Release\libArduinoCore.a(Tone.o)
 .debug_line    0x000050fa      0x299 Z:\Facultate\Anul 2\Semestrul 1\Proiect Individual\ArduinoSketch2\ArduinoSketch2\ArduinoCore\Release\libArduinoCore.a(wiring.o)
 .debug_line    0x00005393      0x252 Z:\Facultate\Anul 2\Semestrul 1\Proiect Individual\ArduinoSketch2\ArduinoSketch2\ArduinoCore\Release\libArduinoCore.a(wiring_digital.o)
 .debug_line    0x000055e5       0x41 Z:\Facultate\Anul 2\Semestrul 1\Proiect Individual\ArduinoSketch2\ArduinoSketch2\ArduinoCore\Release\libArduinoCore.a(hooks.o)

.debug_frame    0x00000000     0x25a0
 *(.debug_frame)
 .debug_frame   0x00000000       0x64 Modules/Actuators/MotorControl/Motor_Control.o
 .debug_frame   0x00000064     0x1c88 main.o
 .debug_frame   0x00001cec      0x110 Z:\Facultate\Anul 2\Semestrul 1\Proiect Individual\ArduinoSketch2\ArduinoSketch2\ArduinoCore\Release\libArduinoCore.a(HardwareSerial.o)
 .debug_frame   0x00001dfc       0xe0 Z:\Facultate\Anul 2\Semestrul 1\Proiect Individual\ArduinoSketch2\ArduinoSketch2\ArduinoCore\Release\libArduinoCore.a(HardwareSerial0.o)
 .debug_frame   0x00001edc       0x54 Z:\Facultate\Anul 2\Semestrul 1\Proiect Individual\ArduinoSketch2\ArduinoSketch2\ArduinoCore\Release\libArduinoCore.a(main.o)
 .debug_frame   0x00001f30       0x64 Z:\Facultate\Anul 2\Semestrul 1\Proiect Individual\ArduinoSketch2\ArduinoSketch2\ArduinoCore\Release\libArduinoCore.a(new.o)
 .debug_frame   0x00001f94      0x3ac Z:\Facultate\Anul 2\Semestrul 1\Proiect Individual\ArduinoSketch2\ArduinoSketch2\ArduinoCore\Release\libArduinoCore.a(Print.o)
 .debug_frame   0x00002340       0xfc Z:\Facultate\Anul 2\Semestrul 1\Proiect Individual\ArduinoSketch2\ArduinoSketch2\ArduinoCore\Release\libArduinoCore.a(Tone.o)
 .debug_frame   0x0000243c       0xc4 Z:\Facultate\Anul 2\Semestrul 1\Proiect Individual\ArduinoSketch2\ArduinoSketch2\ArduinoCore\Release\libArduinoCore.a(wiring.o)
 .debug_frame   0x00002500       0x7c Z:\Facultate\Anul 2\Semestrul 1\Proiect Individual\ArduinoSketch2\ArduinoSketch2\ArduinoCore\Release\libArduinoCore.a(wiring_digital.o)
 .debug_frame   0x0000257c       0x24 Z:\Facultate\Anul 2\Semestrul 1\Proiect Individual\ArduinoSketch2\ArduinoSketch2\ArduinoCore\Release\libArduinoCore.a(hooks.o)

.debug_str      0x00000000     0x478c
 *(.debug_str)
 .debug_str     0x00000000      0x208 C:/Program Files (x86)/Atmel/Studio/7.0/Packs/atmel/ATmega_DFP/1.6.364/gcc/dev/atmega328p/avr5/crtatmega328p.o
 .debug_str     0x00000208      0x2fc Modules/Actuators/MotorControl/Motor_Control.o
                                0x30a (size before relaxing)
 .debug_str     0x00000504     0x33bb main.o
                               0x379f (size before relaxing)
 .debug_str     0x000038bf      0x81d Z:\Facultate\Anul 2\Semestrul 1\Proiect Individual\ArduinoSketch2\ArduinoSketch2\ArduinoCore\Release\libArduinoCore.a(HardwareSerial.o)
                               0x1625 (size before relaxing)
 .debug_str     0x000040dc       0x86 Z:\Facultate\Anul 2\Semestrul 1\Proiect Individual\ArduinoSketch2\ArduinoSketch2\ArduinoCore\Release\libArduinoCore.a(HardwareSerial0.o)
                               0x1418 (size before relaxing)
 .debug_str     0x00004162       0x37 Z:\Facultate\Anul 2\Semestrul 1\Proiect Individual\ArduinoSketch2\ArduinoSketch2\ArduinoCore\Release\libArduinoCore.a(main.o)
                                0x2c4 (size before relaxing)
 .debug_str     0x00004199       0x58 Z:\Facultate\Anul 2\Semestrul 1\Proiect Individual\ArduinoSketch2\ArduinoSketch2\ArduinoCore\Release\libArduinoCore.a(new.o)
                                0x1ef (size before relaxing)
 .debug_str     0x000041f1      0x294 Z:\Facultate\Anul 2\Semestrul 1\Proiect Individual\ArduinoSketch2\ArduinoSketch2\ArduinoCore\Release\libArduinoCore.a(Print.o)
                               0x1252 (size before relaxing)
 .debug_str     0x00004485      0x154 Z:\Facultate\Anul 2\Semestrul 1\Proiect Individual\ArduinoSketch2\ArduinoSketch2\ArduinoCore\Release\libArduinoCore.a(Tone.o)
                                0x44b (size before relaxing)
 .debug_str     0x000045d9      0x134 Z:\Facultate\Anul 2\Semestrul 1\Proiect Individual\ArduinoSketch2\ArduinoSketch2\ArduinoCore\Release\libArduinoCore.a(wiring.o)
                                0x25a (size before relaxing)
 .debug_str     0x0000470d       0x63 Z:\Facultate\Anul 2\Semestrul 1\Proiect Individual\ArduinoSketch2\ArduinoSketch2\ArduinoCore\Release\libArduinoCore.a(wiring_digital.o)
                                0x2bf (size before relaxing)
 .debug_str     0x00004770       0x1c Z:\Facultate\Anul 2\Semestrul 1\Proiect Individual\ArduinoSketch2\ArduinoSketch2\ArduinoCore\Release\libArduinoCore.a(hooks.o)
                                0x14f (size before relaxing)

.debug_loc      0x00000000     0xf735
 *(.debug_loc)
 .debug_loc     0x00000000       0xcf Modules/Actuators/MotorControl/Motor_Control.o
 .debug_loc     0x000000cf     0xc059 main.o
 .debug_loc     0x0000c128      0x4dc Z:\Facultate\Anul 2\Semestrul 1\Proiect Individual\ArduinoSketch2\ArduinoSketch2\ArduinoCore\Release\libArduinoCore.a(HardwareSerial.o)
 .debug_loc     0x0000c604      0x1b0 Z:\Facultate\Anul 2\Semestrul 1\Proiect Individual\ArduinoSketch2\ArduinoSketch2\ArduinoCore\Release\libArduinoCore.a(HardwareSerial0.o)
 .debug_loc     0x0000c7b4       0x72 Z:\Facultate\Anul 2\Semestrul 1\Proiect Individual\ArduinoSketch2\ArduinoSketch2\ArduinoCore\Release\libArduinoCore.a(new.o)
 .debug_loc     0x0000c826     0x1c87 Z:\Facultate\Anul 2\Semestrul 1\Proiect Individual\ArduinoSketch2\ArduinoSketch2\ArduinoCore\Release\libArduinoCore.a(Print.o)
 .debug_loc     0x0000e4ad      0x9ff Z:\Facultate\Anul 2\Semestrul 1\Proiect Individual\ArduinoSketch2\ArduinoSketch2\ArduinoCore\Release\libArduinoCore.a(Tone.o)
 .debug_loc     0x0000eeac      0x28d Z:\Facultate\Anul 2\Semestrul 1\Proiect Individual\ArduinoSketch2\ArduinoSketch2\ArduinoCore\Release\libArduinoCore.a(wiring.o)
 .debug_loc     0x0000f139      0x5fc Z:\Facultate\Anul 2\Semestrul 1\Proiect Individual\ArduinoSketch2\ArduinoSketch2\ArduinoCore\Release\libArduinoCore.a(wiring_digital.o)

.debug_macinfo
 *(.debug_macinfo)

.debug_weaknames
 *(.debug_weaknames)

.debug_funcnames
 *(.debug_funcnames)

.debug_typenames
 *(.debug_typenames)

.debug_varnames
 *(.debug_varnames)

.debug_pubtypes
 *(.debug_pubtypes)

.debug_ranges   0x00000000      0x9f0
 *(.debug_ranges)
 .debug_ranges  0x00000000       0x20 Modules/Actuators/MotorControl/Motor_Control.o
 .debug_ranges  0x00000020      0x718 main.o
 .debug_ranges  0x00000738       0x58 Z:\Facultate\Anul 2\Semestrul 1\Proiect Individual\ArduinoSketch2\ArduinoSketch2\ArduinoCore\Release\libArduinoCore.a(HardwareSerial.o)
 .debug_ranges  0x00000790       0x38 Z:\Facultate\Anul 2\Semestrul 1\Proiect Individual\ArduinoSketch2\ArduinoSketch2\ArduinoCore\Release\libArduinoCore.a(HardwareSerial0.o)
 .debug_ranges  0x000007c8       0x20 Z:\Facultate\Anul 2\Semestrul 1\Proiect Individual\ArduinoSketch2\ArduinoSketch2\ArduinoCore\Release\libArduinoCore.a(main.o)
 .debug_ranges  0x000007e8       0x20 Z:\Facultate\Anul 2\Semestrul 1\Proiect Individual\ArduinoSketch2\ArduinoSketch2\ArduinoCore\Release\libArduinoCore.a(new.o)
 .debug_ranges  0x00000808      0x120 Z:\Facultate\Anul 2\Semestrul 1\Proiect Individual\ArduinoSketch2\ArduinoSketch2\ArduinoCore\Release\libArduinoCore.a(Print.o)
 .debug_ranges  0x00000928       0x58 Z:\Facultate\Anul 2\Semestrul 1\Proiect Individual\ArduinoSketch2\ArduinoSketch2\ArduinoCore\Release\libArduinoCore.a(Tone.o)
 .debug_ranges  0x00000980       0x38 Z:\Facultate\Anul 2\Semestrul 1\Proiect Individual\ArduinoSketch2\ArduinoSketch2\ArduinoCore\Release\libArduinoCore.a(wiring.o)
 .debug_ranges  0x000009b8       0x28 Z:\Facultate\Anul 2\Semestrul 1\Proiect Individual\ArduinoSketch2\ArduinoSketch2\ArduinoCore\Release\libArduinoCore.a(wiring_digital.o)
 .debug_ranges  0x000009e0       0x10 Z:\Facultate\Anul 2\Semestrul 1\Proiect Individual\ArduinoSketch2\ArduinoSketch2\ArduinoCore\Release\libArduinoCore.a(hooks.o)

.debug_macro
 *(.debug_macro)
OUTPUT(main.elf elf32-avr)
LOAD linker stubs
